Component: ARM Compiler 6.12 Tool: armlink [5d624300]

==============================================================================

Section Cross References

    startup_stm32f103xb.o(RESET) refers to startup_stm32f103xb.o(STACK) for __initial_sp
    startup_stm32f103xb.o(RESET) refers to startup_stm32f103xb.o(.text) for Reset_Handler
    startup_stm32f103xb.o(RESET) refers to stm32f1xx_it.o(.text.NMI_Handler) for NMI_Handler
    startup_stm32f103xb.o(RESET) refers to stm32f1xx_it.o(.text.HardFault_Handler) for HardFault_Handler
    startup_stm32f103xb.o(RESET) refers to stm32f1xx_it.o(.text.MemManage_Handler) for MemManage_Handler
    startup_stm32f103xb.o(RESET) refers to stm32f1xx_it.o(.text.BusFault_Handler) for BusFault_Handler
    startup_stm32f103xb.o(RESET) refers to stm32f1xx_it.o(.text.UsageFault_Handler) for UsageFault_Handler
    startup_stm32f103xb.o(RESET) refers to stm32f1xx_it.o(.text.SVC_Handler) for SVC_Handler
    startup_stm32f103xb.o(RESET) refers to stm32f1xx_it.o(.text.DebugMon_Handler) for DebugMon_Handler
    startup_stm32f103xb.o(RESET) refers to stm32f1xx_it.o(.text.PendSV_Handler) for PendSV_Handler
    startup_stm32f103xb.o(RESET) refers to stm32f1xx_it.o(.text.SysTick_Handler) for SysTick_Handler
    startup_stm32f103xb.o(RESET) refers to stm32f1xx_it.o(.text.DMA1_Channel2_IRQHandler) for DMA1_Channel2_IRQHandler
    startup_stm32f103xb.o(RESET) refers to stm32f1xx_it.o(.text.DMA1_Channel3_IRQHandler) for DMA1_Channel3_IRQHandler
    startup_stm32f103xb.o(RESET) refers to stm32f1xx_it.o(.text.DMA1_Channel5_IRQHandler) for DMA1_Channel5_IRQHandler
    startup_stm32f103xb.o(RESET) refers to stm32f1xx_it.o(.text.TIM3_IRQHandler) for TIM3_IRQHandler
    startup_stm32f103xb.o(RESET) refers to stm32f1xx_it.o(.text.USART1_IRQHandler) for USART1_IRQHandler
    startup_stm32f103xb.o(RESET) refers to stm32f1xx_it.o(.text.USART3_IRQHandler) for USART3_IRQHandler
    startup_stm32f103xb.o(.text) refers to system_stm32f1xx.o(.text.SystemInit) for SystemInit
    startup_stm32f103xb.o(.text) refers to entry.o(.ARM.Collect$$$$00000000) for __main
    main.o(.text.fputc) refers to stm32f1xx_hal_uart.o(.text.HAL_UART_Transmit) for HAL_UART_Transmit
    main.o(.text.fputc) refers to main.o(.bss..L_MergedGlobals) for [Anonymous Symbol]
    main.o(.ARM.exidx.text.fputc) refers to main.o(.text.fputc) for [Anonymous Symbol]
    main.o(.text.HAL_TIM_PeriodElapsedCallback) refers to icm20602.o(.text.ICM_Get_Raw_data) for ICM_Get_Raw_data
    main.o(.text.HAL_TIM_PeriodElapsedCallback) refers to icm20602.o(.text.GetAngle) for GetAngle
    main.o(.text.HAL_TIM_PeriodElapsedCallback) refers to main.o(.bss.htim3) for htim3
    main.o(.text.HAL_TIM_PeriodElapsedCallback) refers to main.o(.bss..L_MergedGlobals) for [Anonymous Symbol]
    main.o(.ARM.exidx.text.HAL_TIM_PeriodElapsedCallback) refers to main.o(.text.HAL_TIM_PeriodElapsedCallback) for [Anonymous Symbol]
    main.o(.text.main) refers to stm32f1xx_hal.o(.text.HAL_Init) for HAL_Init
    main.o(.text.main) refers to main.o(.text.SystemClock_Config) for SystemClock_Config
    main.o(.text.main) refers to stm32f1xx_hal_gpio.o(.text.HAL_GPIO_WritePin) for HAL_GPIO_WritePin
    main.o(.text.main) refers to stm32f1xx_hal_gpio.o(.text.HAL_GPIO_Init) for HAL_GPIO_Init
    main.o(.text.main) refers to stm32f1xx_hal_spi.o(.text.HAL_SPI_Init) for HAL_SPI_Init
    main.o(.text.main) refers to stm32f1xx_hal_uart.o(.text.HAL_UART_Init) for HAL_UART_Init
    main.o(.text.main) refers to stm32f1xx_hal_tim.o(.text.HAL_TIM_Base_Init) for HAL_TIM_Base_Init
    main.o(.text.main) refers to stm32f1xx_hal_tim.o(.text.HAL_TIM_ConfigClockSource) for HAL_TIM_ConfigClockSource
    main.o(.text.main) refers to stm32f1xx_hal_tim_ex.o(.text.HAL_TIMEx_MasterConfigSynchronization) for HAL_TIMEx_MasterConfigSynchronization
    main.o(.text.main) refers to stm32f1xx_hal_uart.o(.text.HAL_UART_Receive_DMA) for HAL_UART_Receive_DMA
    main.o(.text.main) refers to stm32f1xx_hal_tim.o(.text.HAL_TIM_Base_Start_IT) for HAL_TIM_Base_Start_IT
    main.o(.text.main) refers to icm20602.o(.text.ICM20602_Init) for ICM20602_Init
    main.o(.text.main) refers to f2d.o(.text) for __aeabi_f2d
    main.o(.text.main) refers to printfa.o(i.__0printf) for __2printf
    main.o(.text.main) refers to stm32f1xx_hal.o(.text.HAL_Delay) for HAL_Delay
    main.o(.text.main) refers to stm32f1xx_hal_cortex.o(.text.HAL_NVIC_SetPriority) for HAL_NVIC_SetPriority
    main.o(.text.main) refers to stm32f1xx_hal_cortex.o(.text.HAL_NVIC_EnableIRQ) for HAL_NVIC_EnableIRQ
    main.o(.text.main) refers to main.o(.bss.hspi1) for hspi1
    main.o(.text.main) refers to main.o(.bss..L_MergedGlobals) for [Anonymous Symbol]
    main.o(.text.main) refers to main.o(.bss.htim3) for htim3
    main.o(.text.main) refers to main.o(.bss.huart3) for huart3
    main.o(.text.main) refers to main.o(.bss.rx_buff) for rx_buff
    main.o(.ARM.exidx.text.main) refers to main.o(.text.main) for [Anonymous Symbol]
[...]
    ../clib/microlib/printf/printf.c         0x00000000   Number         0  printf1.o ABSOLUTE
    ../clib/microlib/printf/printf.c         0x00000000   Number         0  printf2.o ABSOLUTE
    ../clib/microlib/printf/printf.c         0x00000000   Number         0  printf3.o ABSOLUTE
    ../clib/microlib/printf/printf.c         0x00000000   Number         0  printf4.o ABSOLUTE
    ../clib/microlib/printf/printf.c         0x00000000   Number         0  printf5.o ABSOLUTE
    ../clib/microlib/printf/printf.c         0x00000000   Number         0  printf6.o ABSOLUTE
    ../clib/microlib/printf/printf.c         0x00000000   Number         0  printf7.o ABSOLUTE
    ../clib/microlib/printf/printf.c         0x00000000   Number         0  printf8.o ABSOLUTE
    ../clib/microlib/printf/printf.c         0x00000000   Number         0  printfa.o ABSOLUTE
    ../clib/microlib/printf/stubs.s          0x00000000   Number         0  stubs.o ABSOLUTE
    ../clib/microlib/stdio/puts.c            0x00000000   Number         0  puts.o ABSOLUTE
    ../clib/microlib/stdio/puts.c            0x00000000   Number         0  puts_e.o ABSOLUTE
    ../clib/microlib/stdio/streams.c         0x00000000   Number         0  stdout.o ABSOLUTE
    ../clib/microlib/stubs.s                 0x00000000   Number         0  iusefp.o ABSOLUTE
    ../fplib/microlib/d2f.c                  0x00000000   Number         0  d2f.o ABSOLUTE
    ../fplib/microlib/f2d.c                  0x00000000   Number         0  f2d.o ABSOLUTE
    ../fplib/microlib/fpadd.c                0x00000000   Number         0  fadd.o ABSOLUTE
    ../fplib/microlib/fpadd.c                0x00000000   Number         0  dadd.o ABSOLUTE
    ../fplib/microlib/fpcmp.c                0x00000000   Number         0  fcmpge.o ABSOLUTE
    ../fplib/microlib/fpcmp.c                0x00000000   Number         0  fcmpgt.o ABSOLUTE
    ../fplib/microlib/fpdiv.c                0x00000000   Number         0  fdiv.o ABSOLUTE
    ../fplib/microlib/fpdiv.c                0x00000000   Number         0  ddiv.o ABSOLUTE
    ../fplib/microlib/fpepilogue.c           0x00000000   Number         0  fepilogue.o ABSOLUTE
    ../fplib/microlib/fpepilogue.c           0x00000000   Number         0  depilogue.o ABSOLUTE
    ../fplib/microlib/fpfix.c                0x00000000   Number         0  dfixul.o ABSOLUTE
    ../fplib/microlib/fpflt.c                0x00000000   Number         0  fflti.o ABSOLUTE
    ../fplib/microlib/fpmul.c                0x00000000   Number         0  fmul.o ABSOLUTE
    ../fplib/microlib/fpmul.c                0x00000000   Number         0  dmul.o ABSOLUTE
    ../fplib/microlib/fpscalb.c              0x00000000   Number         0  dscalb.o ABSOLUTE
    ../fplib/microlib/fpscalb.c              0x00000000   Number         0  fscalb.o ABSOLUTE
    ../fplib/microlib/fpsqrt.c               0x00000000   Number         0  dsqrt.o ABSOLUTE
    ../mathlib/asin.c                        0x00000000   Number         0  asin.o ABSOLUTE
    ../mathlib/asin.c                        0x00000000   Number         0  asin_x.o ABSOLUTE
    ../mathlib/atan2f.c                      0x00000000   Number         0  atan2f.o ABSOLUTE
    ../mathlib/atan2f.c                      0x00000000   Number         0  atan2f_x.o ABSOLUTE
    ../mathlib/dunder.c                      0x00000000   Number         0  dunder.o ABSOLUTE
    ../mathlib/fpclassify.c                  0x00000000   Number         0  fpclassify.o ABSOLUTE
    ../mathlib/fpclassifyf.c                 0x00000000   Number         0  fpclassifyf.o ABSOLUTE
    ../mathlib/funder.c                      0x00000000   Number         0  funder.o ABSOLUTE
    ../mathlib/poly.c                        0x00000000   Number         0  poly.o ABSOLUTE
    ../mathlib/sqrt.c                        0x00000000   Number         0  sqrt.o ABSOLUTE
    ../mathlib/sqrt.c                        0x00000000   Number         0  sqrt_x.o ABSOLUTE
    cdcmple.s                                0x00000000   Number         0  cdcmple.o ABSOLUTE
    cdrcmple.s                               0x00000000   Number         0  cdrcmple.o ABSOLUTE
    dc.s                                     0x00000000   Number         0  dc.o ABSOLUTE
    handlers.s                               0x00000000   Number         0  handlers.o ABSOLUTE
    icm20602.c                               0x00000000   Number         0  icm20602.o ABSOLUTE
    init.s                                   0x00000000   Number         0  init.o ABSOLUTE
    main.c                                   0x00000000   Number         0  main.o ABSOLUTE
    startup_stm32f103xb.s                    0x00000000   Number         0  startup_stm32f103xb.o ABSOLUTE
    stm32f1xx_hal.c                          0x00000000   Number         0  stm32f1xx_hal.o ABSOLUTE
    stm32f1xx_hal_cortex.c                   0x00000000   Number         0  stm32f1xx_hal_cortex.o ABSOLUTE
    stm32f1xx_hal_dma.c                      0x00000000   Number         0  stm32f1xx_hal_dma.o ABSOLUTE
    stm32f1xx_hal_exti.c                     0x00000000   Number         0  stm32f1xx_hal_exti.o ABSOLUTE
    stm32f1xx_hal_flash.c                    0x00000000   Number         0  stm32f1xx_hal_flash.o ABSOLUTE
    stm32f1xx_hal_flash_ex.c                 0x00000000   Number         0  stm32f1xx_hal_flash_ex.o ABSOLUTE
    stm32f1xx_hal_gpio.c                     0x00000000   Number         0  stm32f1xx_hal_gpio.o ABSOLUTE
    stm32f1xx_hal_gpio_ex.c                  0x00000000   Number         0  stm32f1xx_hal_gpio_ex.o ABSOLUTE
    stm32f1xx_hal_msp.c                      0x00000000   Number         0  stm32f1xx_hal_msp.o ABSOLUTE
    stm32f1xx_hal_pwr.c                      0x00000000   Number         0  stm32f1xx_hal_pwr.o ABSOLUTE
    stm32f1xx_hal_rcc.c                      0x00000000   Number         0  stm32f1xx_hal_rcc.o ABSOLUTE
    stm32f1xx_hal_rcc_ex.c                   0x00000000   Number         0  stm32f1xx_hal_rcc_ex.o ABSOLUTE
    stm32f1xx_hal_spi.c                      0x00000000   Number         0  stm32f1xx_hal_spi.o ABSOLUTE
    stm32f1xx_hal_tim.c                      0x00000000   Number         0  stm32f1xx_hal_tim.o ABSOLUTE
    stm32f1xx_hal_tim_ex.c                   0x00000000   Number         0  stm32f1xx_hal_tim_ex.o ABSOLUTE
    stm32f1xx_hal_uart.c                     0x00000000   Number         0  stm32f1xx_hal_uart.o ABSOLUTE
    stm32f1xx_it.c                           0x00000000   Number         0  stm32f1xx_it.o ABSOLUTE
    system_stm32f1xx.c                       0x00000000   Number         0  system_stm32f1xx.o ABSOLUTE
    uartbuf.c                                0x00000000   Number         0  uartbuf.o ABSOLUTE
    RESET                                    0x08000000   Section      236  startup_stm32f103xb.o(RESET)
    .ARM.Collect$$$$00000000                 0x080000ec   Section        0  entry.o(.ARM.Collect$$$$00000000)
    .ARM.Collect$$$$00000001                 0x080000ec   Section        4  entry2.o(.ARM.Collect$$$$00000001)
    .ARM.Collect$$$$00000004                 0x080000f0   Section        4  entry5.o(.ARM.Collect$$$$00000004)
    .ARM.Collect$$$$00000008                 0x080000f4   Section        0  entry7b.o(.ARM.Collect$$$$00000008)
    .ARM.Collect$$$$0000000A                 0x080000f4   Section        0  entry8b.o(.ARM.Collect$$$$0000000A)
    .ARM.Collect$$$$0000000B                 0x080000f4   Section        8  entry9a.o(.ARM.Collect$$$$0000000B)
    __lit__00000000                          0x080000fc   Data           4  entry2.o(.ARM.Collect$$$$00002712)
    .ARM.Collect$$$$0000000D                 0x080000fc   Section        0  entry10a.o(.ARM.Collect$$$$0000000D)
    .ARM.Collect$$$$0000000F                 0x080000fc   Section        0  entry11a.o(.ARM.Collect$$$$0000000F)
    .ARM.Collect$$$$00002712                 0x080000fc   Section        4  entry2.o(.ARM.Collect$$$$00002712)
    .text                                    0x08000100   Section       36  startup_stm32f103xb.o(.text)
    .text                                    0x08000124   Section        0  llushr.o(.text)
    .text                                    0x08000144   Section        0  fadd.o(.text)
    .text                                    0x080001f4   Section        0  fmul.o(.text)
    .text                                    0x08000258   Section        0  dmul.o(.text)
    .text                                    0x0800033c   Section        0  fcmpge.o(.text)
    .text                                    0x08000358   Section        0  fcmpgt.o(.text)
    .text                                    0x08000374   Section        0  fflti.o(.text)
    .text                                    0x08000386   Section        0  f2d.o(.text)
    .text                                    0x080003ac   Section        0  d2f.o(.text)
    .text                                    0x080003e4   Section        0  uidiv.o(.text)
    .text                                    0x08000410   Section        0  uldiv.o(.text)
    .text                                    0x08000472   Section        0  iusefp.o(.text)
    .text                                    0x08000472   Section        0  fepilogue.o(.text)
    .text                                    0x080004e0   Section        0  fdiv.o(.text)
    .text                                    0x0800055c   Section        0  depilogue.o(.text)
    .text                                    0x08000616   Section        0  dadd.o(.text)
    .text                                    0x08000764   Section        0  ddiv.o(.text)
    .text                                    0x08000842   Section        0  dscalb.o(.text)
    .text                                    0x08000870   Section        0  dfixul.o(.text)
    .text                                    0x080008a0   Section       48  cdrcmple.o(.text)
    .text                                    0x080008d0   Section       36  init.o(.text)
    .text                                    0x080008f4   Section        0  llshl.o(.text)
    .text                                    0x08000912   Section        0  llsshr.o(.text)
    .text                                    0x08000936   Section        0  fscalb.o(.text)
    .text                                    0x0800094e   Section        0  dsqrt.o(.text)
    [Anonymous Symbol]                       0x080009f0   Section        0  stm32f1xx_it.o(.text.BusFault_Handler)
    [Anonymous Symbol]                       0x080009f4   Section        0  stm32f1xx_it.o(.text.DMA1_Channel2_IRQHandler)
    __arm_cp.9_0                             0x080009fc   Number         4  stm32f1xx_it.o(.text.DMA1_Channel2_IRQHandler)
    [Anonymous Symbol]                       0x08000a00   Section        0  stm32f1xx_it.o(.text.DMA1_Channel3_IRQHandler)
    __arm_cp.10_0                            0x08000a08   Number         4  stm32f1xx_it.o(.text.DMA1_Channel3_IRQHandler)
    [Anonymous Symbol]                       0x08000a0c   Section        0  stm32f1xx_it.o(.text.DMA1_Channel5_IRQHandler)
    __arm_cp.11_0                            0x08000a14   Number         4  stm32f1xx_it.o(.text.DMA1_Channel5_IRQHandler)
    DMA_SetConfig                            0x08000a19   Thumb Code    40  stm32f1xx_hal_dma.o(.text.DMA_SetConfig)
    [Anonymous Symbol]                       0x08000a18   Section        0  stm32f1xx_hal_dma.o(.text.DMA_SetConfig)
    [Anonymous Symbol]                       0x08000a40   Section        0  stm32f1xx_it.o(.text.DebugMon_Handler)
    [Anonymous Symbol]                       0x08000a42   Section        0  main.o(.text.Error_Handler)
    [Anonymous Symbol]                       0x08000a44   Section        0  icm20602.o(.text.GetAngle)
    __arm_cp.9_0                             0x08000edc   Number         4  icm20602.o(.text.GetAngle)
    __arm_cp.9_1                             0x08000ee0   Number         4  icm20602.o(.text.GetAngle)
    __arm_cp.9_2                             0x08000ee4   Number         4  icm20602.o(.text.GetAngle)
    __arm_cp.9_3                             0x08000ee8   Number         4  icm20602.o(.text.GetAngle)
    __arm_cp.9_4                             0x08000eec   Number         4  icm20602.o(.text.GetAngle)
    __arm_cp.9_5                             0x08000ef0   Number         4  icm20602.o(.text.GetAngle)
    __arm_cp.9_6                             0x08000ef4   Number         4  icm20602.o(.text.GetAngle)
    __arm_cp.9_7                             0x08000ef8   Number         4  icm20602.o(.text.GetAngle)
    __arm_cp.9_8                             0x08000efc   Number         4  icm20602.o(.text.GetAngle)
    __arm_cp.9_9                             0x08000f00   Number         4  icm20602.o(.text.GetAngle)
    [Anonymous Symbol]                       0x08000f04   Section        0  stm32f1xx_hal_dma.o(.text.HAL_DMA_Abort)
    [Anonymous Symbol]                       0x08000f44   Section        0  stm32f1xx_hal_dma.o(.text.HAL_DMA_Abort_IT)
    [Anonymous Symbol]                       0x08000fc8   Section        0  stm32f1xx_hal_dma.o(.text.HAL_DMA_IRQHandler)
    __arm_cp.8_0                             0x080010f0   Number         4  stm32f1xx_hal_dma.o(.text.HAL_DMA_IRQHandler)
    __arm_cp.8_1                             0x080010f4   Number         4  stm32f1xx_hal_dma.o(.text.HAL_DMA_IRQHandler)
    __arm_cp.8_2                             0x080010f8   Number         4  stm32f1xx_hal_dma.o(.text.HAL_DMA_IRQHandler)
    __arm_cp.8_3                             0x080010fc   Number         4  stm32f1xx_hal_dma.o(.text.HAL_DMA_IRQHandler)
    __arm_cp.8_4                             0x08001100   Number         4  stm32f1xx_hal_dma.o(.text.HAL_DMA_IRQHandler)
    __arm_cp.8_5                             0x08001104   Number         4  stm32f1xx_hal_dma.o(.text.HAL_DMA_IRQHandler)
    [Anonymous Symbol]                       0x08001108   Section        0  stm32f1xx_hal_dma.o(.text.HAL_DMA_Init)
    __arm_cp.0_0                             0x08001164   Number         4  stm32f1xx_hal_dma.o(.text.HAL_DMA_Init)
    __arm_cp.0_1                             0x08001168   Number         4  stm32f1xx_hal_dma.o(.text.HAL_DMA_Init)
    [Anonymous Symbol]                       0x0800116c   Section        0  stm32f1xx_hal_dma.o(.text.HAL_DMA_Start_IT)
    [Anonymous Symbol]                       0x080011d8   Section        0  stm32f1xx_hal.o(.text.HAL_Delay)
    [Anonymous Symbol]                       0x080011f8   Section        0  stm32f1xx_hal_gpio.o(.text.HAL_GPIO_Init)
    __arm_cp.0_0                             0x08001364   Number         4  stm32f1xx_hal_gpio.o(.text.HAL_GPIO_Init)
    __arm_cp.0_1                             0x08001368   Number         4  stm32f1xx_hal_gpio.o(.text.HAL_GPIO_Init)
    __arm_cp.0_2                             0x0800136c   Number         4  stm32f1xx_hal_gpio.o(.text.HAL_GPIO_Init)
    __arm_cp.0_4                             0x08001370   Number         4  stm32f1xx_hal_gpio.o(.text.HAL_GPIO_Init)
    __arm_cp.0_5                             0x08001374   Number         4  stm32f1xx_hal_gpio.o(.text.HAL_GPIO_Init)
    __arm_cp.0_6                             0x08001378   Number         4  stm32f1xx_hal_gpio.o(.text.HAL_GPIO_Init)
    __arm_cp.0_7                             0x0800137c   Number         4  stm32f1xx_hal_gpio.o(.text.HAL_GPIO_Init)
    __arm_cp.0_8                             0x08001380   Number         4  stm32f1xx_hal_gpio.o(.text.HAL_GPIO_Init)
    __arm_cp.0_9                             0x08001384   Number         4  stm32f1xx_hal_gpio.o(.text.HAL_GPIO_Init)
    __arm_cp.0_10                            0x08001388   Number         4  stm32f1xx_hal_gpio.o(.text.HAL_GPIO_Init)
    __arm_cp.0_11                            0x0800138c   Number         4  stm32f1xx_hal_gpio.o(.text.HAL_GPIO_Init)
    __arm_cp.0_12                            0x08001390   Number         4  stm32f1xx_hal_gpio.o(.text.HAL_GPIO_Init)
    [Anonymous Symbol]                       0x08001394   Section        0  stm32f1xx_hal_gpio.o(.text.HAL_GPIO_WritePin)
    [Anonymous Symbol]                       0x080013a0   Section        0  stm32f1xx_hal.o(.text.HAL_GetTick)
    [Anonymous Symbol]                       0x080013a8   Section        0  stm32f1xx_hal.o(.text.HAL_IncTick)
    __arm_cp.5_1                             0x080013b8   Number         4  stm32f1xx_hal.o(.text.HAL_IncTick)
    [Anonymous Symbol]                       0x080013bc   Section        0  stm32f1xx_hal.o(.text.HAL_Init)
    [Anonymous Symbol]                       0x080013dc   Section        0  stm32f1xx_hal.o(.text.HAL_InitTick)
    __arm_cp.1_0                             0x08001414   Number         4  stm32f1xx_hal.o(.text.HAL_InitTick)
    [Anonymous Symbol]                       0x08001418   Section        0  stm32f1xx_hal_msp.o(.text.HAL_MspInit)
    __arm_cp.0_0                             0x08001450   Number         4  stm32f1xx_hal_msp.o(.text.HAL_MspInit)
    __arm_cp.0_1                             0x08001454   Number         4  stm32f1xx_hal_msp.o(.text.HAL_MspInit)
    [Anonymous Symbol]                       0x08001458   Section        0  stm32f1xx_hal_cortex.o(.text.HAL_NVIC_EnableIRQ)
    __arm_cp.3_0                             0x08001470   Number         4  stm32f1xx_hal_cortex.o(.text.HAL_NVIC_EnableIRQ)
    [Anonymous Symbol]                       0x08001474   Section        0  stm32f1xx_hal_cortex.o(.text.HAL_NVIC_SetPriority)
    [Anonymous Symbol]                       0x080014b0   Section        0  stm32f1xx_hal_cortex.o(.text.HAL_NVIC_SetPriorityGrouping)
    __arm_cp.0_0                             0x080014c8   Number         4  stm32f1xx_hal_cortex.o(.text.HAL_NVIC_SetPriorityGrouping)
    __arm_cp.0_1                             0x080014cc   Number         4  stm32f1xx_hal_cortex.o(.text.HAL_NVIC_SetPriorityGrouping)
    [Anonymous Symbol]                       0x080014d0   Section        0  stm32f1xx_hal_rcc.o(.text.HAL_RCC_ClockConfig)
    __arm_cp.2_0                             0x08001600   Number         4  stm32f1xx_hal_rcc.o(.text.HAL_RCC_ClockConfig)
    __arm_cp.2_2                             0x08001604   Number         4  stm32f1xx_hal_rcc.o(.text.HAL_RCC_ClockConfig)
    __arm_cp.2_4                             0x08001608   Number         4  stm32f1xx_hal_rcc.o(.text.HAL_RCC_ClockConfig)
    [Anonymous Symbol]                       0x0800160c   Section        0  stm32f1xx_hal_rcc.o(.text.HAL_RCC_GetPCLK1Freq)
    [Anonymous Symbol]                       0x08001620   Section        0  stm32f1xx_hal_rcc.o(.text.HAL_RCC_GetPCLK2Freq)
    __arm_cp.9_0                             0x08001634   Number         4  stm32f1xx_hal_rcc.o(.text.HAL_RCC_GetPCLK2Freq)
    __arm_cp.9_2                             0x08001638   Number         4  stm32f1xx_hal_rcc.o(.text.HAL_RCC_GetPCLK2Freq)
    [Anonymous Symbol]                       0x0800163c   Section        0  stm32f1xx_hal_rcc.o(.text.HAL_RCC_GetSysClockFreq)
    __arm_cp.3_0                             0x08001674   Number         4  stm32f1xx_hal_rcc.o(.text.HAL_RCC_GetSysClockFreq)
    __arm_cp.3_1                             0x08001678   Number         4  stm32f1xx_hal_rcc.o(.text.HAL_RCC_GetSysClockFreq)
    __arm_cp.3_4                             0x08001690   Number         4  stm32f1xx_hal_rcc.o(.text.HAL_RCC_GetSysClockFreq)
    [Anonymous Symbol]                       0x08001694   Section        0  stm32f1xx_hal_rcc.o(.text.HAL_RCC_OscConfig)
    __arm_cp.1_0                             0x080019a8   Number         4  stm32f1xx_hal_rcc.o(.text.HAL_RCC_OscConfig)
    __arm_cp.1_1                             0x080019ac   Number         4  stm32f1xx_hal_rcc.o(.text.HAL_RCC_OscConfig)
    __arm_cp.1_2                             0x080019b0   Number         4  stm32f1xx_hal_rcc.o(.text.HAL_RCC_OscConfig)
    __arm_cp.1_3                             0x080019b4   Number         4  stm32f1xx_hal_rcc.o(.text.HAL_RCC_OscConfig)
    [Anonymous Symbol]                       0x080019b8   Section        0  stm32f1xx_hal_spi.o(.text.HAL_SPI_Init)
    [Anonymous Symbol]                       0x08001a34   Section        0  stm32f1xx_hal_msp.o(.text.HAL_SPI_MspInit)
    __arm_cp.1_0                             0x08001aa0   Number         4  stm32f1xx_hal_msp.o(.text.HAL_SPI_MspInit)
    __arm_cp.1_1                             0x08001aa4   Number         4  stm32f1xx_hal_msp.o(.text.HAL_SPI_MspInit)
    [Anonymous Symbol]                       0x08001aa8   Section        0  stm32f1xx_hal_spi.o(.text.HAL_SPI_Transmit)
    [Anonymous Symbol]                       0x08001c0a   Section        0  stm32f1xx_hal_spi.o(.text.HAL_SPI_TransmitReceive)
    [Anonymous Symbol]                       0x08001de0   Section        0  stm32f1xx_hal_cortex.o(.text.HAL_SYSTICK_Config)
    __arm_cp.7_0                             0x08001e00   Number         4  stm32f1xx_hal_cortex.o(.text.HAL_SYSTICK_Config)
    __arm_cp.7_1                             0x08001e04   Number         4  stm32f1xx_hal_cortex.o(.text.HAL_SYSTICK_Config)
    [Anonymous Symbol]                       0x08001e08   Section        0  stm32f1xx_hal_tim_ex.o(.text.HAL_TIMEx_BreakCallback)
    [Anonymous Symbol]                       0x08001e0a   Section        0  stm32f1xx_hal_tim_ex.o(.text.HAL_TIMEx_CommutCallback)
    [Anonymous Symbol]                       0x08001e0c   Section        0  stm32f1xx_hal_tim_ex.o(.text.HAL_TIMEx_MasterConfigSynchronization)
    [Anonymous Symbol]                       0x08001e4e   Section        0  stm32f1xx_hal_tim.o(.text.HAL_TIM_Base_Init)
    [Anonymous Symbol]                       0x08001e84   Section        0  stm32f1xx_hal_msp.o(.text.HAL_TIM_Base_MspInit)
    __arm_cp.3_0                             0x08001eb8   Number         4  stm32f1xx_hal_msp.o(.text.HAL_TIM_Base_MspInit)
    __arm_cp.3_1                             0x08001ebc   Number         4  stm32f1xx_hal_msp.o(.text.HAL_TIM_Base_MspInit)
    [Anonymous Symbol]                       0x08001ec0   Section        0  stm32f1xx_hal_tim.o(.text.HAL_TIM_Base_Start_IT)
    [Anonymous Symbol]                       0x08001ee0   Section        0  stm32f1xx_hal_tim.o(.text.HAL_TIM_ConfigClockSource)
    [Anonymous Symbol]                       0x08001ff0   Section        0  stm32f1xx_hal_tim.o(.text.HAL_TIM_IC_CaptureCallback)
    [Anonymous Symbol]                       0x08001ff2   Section        0  stm32f1xx_hal_tim.o(.text.HAL_TIM_IRQHandler)
    [Anonymous Symbol]                       0x0800215c   Section        0  stm32f1xx_hal_tim.o(.text.HAL_TIM_OC_DelayElapsedCallback)
    [Anonymous Symbol]                       0x0800215e   Section        0  stm32f1xx_hal_tim.o(.text.HAL_TIM_PWM_PulseFinishedCallback)
    [Anonymous Symbol]                       0x08002160   Section        0  main.o(.text.HAL_TIM_PeriodElapsedCallback)
    __arm_cp.1_0                             0x0800219c   Number         4  main.o(.text.HAL_TIM_PeriodElapsedCallback)
    __arm_cp.1_1                             0x080021a0   Number         4  main.o(.text.HAL_TIM_PeriodElapsedCallback)
    __arm_cp.1_2                             0x080021a4   Number         4  main.o(.text.HAL_TIM_PeriodElapsedCallback)
    [Anonymous Symbol]                       0x080021a8   Section        0  stm32f1xx_hal_tim.o(.text.HAL_TIM_TriggerCallback)
    [Anonymous Symbol]                       0x080021aa   Section        0  stm32f1xx_hal_uart.o(.text.HAL_UART_DMAStop)
    [Anonymous Symbol]                       0x0800220a   Section        0  stm32f1xx_hal_uart.o(.text.HAL_UART_ErrorCallback)
    [Anonymous Symbol]                       0x0800220c   Section        0  stm32f1xx_hal_uart.o(.text.HAL_UART_IRQHandler)
    __arm_cp.37_0                            0x08002370   Number         4  stm32f1xx_hal_uart.o(.text.HAL_UART_IRQHandler)
    [Anonymous Symbol]                       0x08002374   Section        0  stm32f1xx_hal_uart.o(.text.HAL_UART_Init)
    [Anonymous Symbol]                       0x080023d0   Section        0  stm32f1xx_hal_msp.o(.text.HAL_UART_MspInit)
    __arm_cp.5_0                             0x08002540   Number         4  stm32f1xx_hal_msp.o(.text.HAL_UART_MspInit)
    __arm_cp.5_1                             0x08002544   Number         4  stm32f1xx_hal_msp.o(.text.HAL_UART_MspInit)
    __arm_cp.5_2                             0x08002548   Number         4  stm32f1xx_hal_msp.o(.text.HAL_UART_MspInit)
    __arm_cp.5_4                             0x0800254c   Number         4  stm32f1xx_hal_msp.o(.text.HAL_UART_MspInit)
    __arm_cp.5_5                             0x08002550   Number         4  stm32f1xx_hal_msp.o(.text.HAL_UART_MspInit)
    __arm_cp.5_6                             0x08002554   Number         4  stm32f1xx_hal_msp.o(.text.HAL_UART_MspInit)
    __arm_cp.5_7                             0x08002558   Number         4  stm32f1xx_hal_msp.o(.text.HAL_UART_MspInit)
    [Anonymous Symbol]                       0x0800255c   Section        0  stm32f1xx_hal_uart.o(.text.HAL_UART_Receive_DMA)
    __arm_cp.17_0                            0x080025e0   Number         4  stm32f1xx_hal_uart.o(.text.HAL_UART_Receive_DMA)
    __arm_cp.17_1                            0x080025e4   Number         4  stm32f1xx_hal_uart.o(.text.HAL_UART_Receive_DMA)
    __arm_cp.17_2                            0x080025e8   Number         4  stm32f1xx_hal_uart.o(.text.HAL_UART_Receive_DMA)
    [Anonymous Symbol]                       0x080025ec   Section        0  stm32f1xx_hal_uart.o(.text.HAL_UART_RxCpltCallback)
    [Anonymous Symbol]                       0x080025ee   Section        0  stm32f1xx_hal_uart.o(.text.HAL_UART_RxHalfCpltCallback)
    [Anonymous Symbol]                       0x080025f0   Section        0  stm32f1xx_hal_uart.o(.text.HAL_UART_Transmit)
    [Anonymous Symbol]                       0x0800269e   Section        0  stm32f1xx_hal_uart.o(.text.HAL_UART_TxCpltCallback)
    [Anonymous Symbol]                       0x080026a0   Section        0  stm32f1xx_it.o(.text.HardFault_Handler)
    [Anonymous Symbol]                       0x080026a4   Section        0  icm20602.o(.text.ICM20602_Init)
    __arm_cp.3_1                             0x08002720   Number         4  icm20602.o(.text.ICM20602_Init)
    [Anonymous Symbol]                       0x08002724   Section        0  icm20602.o(.text.ICM_Get_Raw_data)
    [Anonymous Symbol]                       0x08002780   Section        0  icm20602.o(.text.ICM_Read_Byte)
    __arm_cp.1_0                             0x080027bc   Number         4  icm20602.o(.text.ICM_Read_Byte)
    [Anonymous Symbol]                       0x080027c0   Section        0  icm20602.o(.text.ICM_Read_Len)
    [Anonymous Symbol]                       0x080027fc   Section        0  icm20602.o(.text.ICM_Set_Accel_Fsr)
    [Anonymous Symbol]                       0x08002806   Section        0  icm20602.o(.text.ICM_Set_Gyro_Fsr)
    [Anonymous Symbol]                       0x08002810   Section        0  icm20602.o(.text.ICM_Set_LPF)
    [Anonymous Symbol]                       0x0800283e   Section        0  icm20602.o(.text.ICM_Set_Rate)
    [Anonymous Symbol]                       0x0800286c   Section        0  icm20602.o(.text.ICM_Write_Byte)
    __arm_cp.0_0                             0x080028a0   Number         4  icm20602.o(.text.ICM_Write_Byte)
    __arm_cp.0_1                             0x080028a4   Number         4  icm20602.o(.text.ICM_Write_Byte)
    [Anonymous Symbol]                       0x080028a8   Section        0  stm32f1xx_it.o(.text.MemManage_Handler)
    [Anonymous Symbol]                       0x080028aa   Section        0  stm32f1xx_it.o(.text.NMI_Handler)
    [Anonymous Symbol]                       0x080028ac   Section        0  stm32f1xx_it.o(.text.PendSV_Handler)
    [Anonymous Symbol]                       0x080028b0   Section        0  icm20602.o(.text.Q_rsqrt)
    __arm_cp.10_0                            0x080028e0   Number         4  icm20602.o(.text.Q_rsqrt)
    SPI_EndRxTxTransaction                   0x080028e5   Thumb Code    34  stm32f1xx_hal_spi.o(.text.SPI_EndRxTxTransaction)
    [Anonymous Symbol]                       0x080028e4   Section        0  stm32f1xx_hal_spi.o(.text.SPI_EndRxTxTransaction)
    SPI_WaitFlagStateUntilTimeout            0x08002907   Thumb Code   128  stm32f1xx_hal_spi.o(.text.SPI_WaitFlagStateUntilTimeout)
    [Anonymous Symbol]                       0x08002906   Section        0  stm32f1xx_hal_spi.o(.text.SPI_WaitFlagStateUntilTimeout)
    [Anonymous Symbol]                       0x08002986   Section        0  stm32f1xx_it.o(.text.SVC_Handler)
    [Anonymous Symbol]                       0x08002988   Section        0  stm32f1xx_it.o(.text.SysTick_Handler)
    [Anonymous Symbol]                       0x0800298c   Section        0  main.o(.text.SystemClock_Config)
    [Anonymous Symbol]                       0x080029d8   Section        0  system_stm32f1xx.o(.text.SystemInit)
    __arm_cp.0_0                             0x08002a14   Number         4  system_stm32f1xx.o(.text.SystemInit)
    __arm_cp.0_1                             0x08002a18   Number         4  system_stm32f1xx.o(.text.SystemInit)
    __arm_cp.0_2                             0x08002a1c   Number         4  system_stm32f1xx.o(.text.SystemInit)
    __arm_cp.0_3                             0x08002a20   Number         4  system_stm32f1xx.o(.text.SystemInit)
    [Anonymous Symbol]                       0x08002a24   Section        0  stm32f1xx_it.o(.text.TIM3_IRQHandler)
    __arm_cp.12_0                            0x08002a2c   Number         4  stm32f1xx_it.o(.text.TIM3_IRQHandler)
    [Anonymous Symbol]                       0x08002a30   Section        0  stm32f1xx_hal_tim.o(.text.TIM_Base_SetConfig)
    __arm_cp.2_0                             0x08002a80   Number         4  stm32f1xx_hal_tim.o(.text.TIM_Base_SetConfig)
    __arm_cp.2_1                             0x08002a84   Number         4  stm32f1xx_hal_tim.o(.text.TIM_Base_SetConfig)
    __arm_cp.2_2                             0x08002a88   Number         4  stm32f1xx_hal_tim.o(.text.TIM_Base_SetConfig)
    TIM_TI1_ConfigInputStage                 0x08002a8d   Thumb Code    34  stm32f1xx_hal_tim.o(.text.TIM_TI1_ConfigInputStage)
    [Anonymous Symbol]                       0x08002a8c   Section        0  stm32f1xx_hal_tim.o(.text.TIM_TI1_ConfigInputStage)
    TIM_TI2_ConfigInputStage                 0x08002aaf   Thumb Code    34  stm32f1xx_hal_tim.o(.text.TIM_TI2_ConfigInputStage)
    [Anonymous Symbol]                       0x08002aae   Section        0  stm32f1xx_hal_tim.o(.text.TIM_TI2_ConfigInputStage)
    UART_DMAAbortOnError                     0x08002ad1   Thumb Code    12  stm32f1xx_hal_uart.o(.text.UART_DMAAbortOnError)
    [Anonymous Symbol]                       0x08002ad0   Section        0  stm32f1xx_hal_uart.o(.text.UART_DMAAbortOnError)
    UART_DMAError                            0x08002add   Thumb Code    84  stm32f1xx_hal_uart.o(.text.UART_DMAError)
    [Anonymous Symbol]                       0x08002adc   Section        0  stm32f1xx_hal_uart.o(.text.UART_DMAError)
    UART_DMAReceiveCplt                      0x08002b31   Thumb Code    54  stm32f1xx_hal_uart.o(.text.UART_DMAReceiveCplt)
    [Anonymous Symbol]                       0x08002b30   Section        0  stm32f1xx_hal_uart.o(.text.UART_DMAReceiveCplt)
    UART_DMARxHalfCplt                       0x08002b67   Thumb Code     6  stm32f1xx_hal_uart.o(.text.UART_DMARxHalfCplt)
    [Anonymous Symbol]                       0x08002b66   Section        0  stm32f1xx_hal_uart.o(.text.UART_DMARxHalfCplt)
    UART_EndRxTransfer                       0x08002b6d   Thumb Code    26  stm32f1xx_hal_uart.o(.text.UART_EndRxTransfer)
    [Anonymous Symbol]                       0x08002b6c   Section        0  stm32f1xx_hal_uart.o(.text.UART_EndRxTransfer)
    [Anonymous Symbol]                       0x08002b88   Section        0  uartbuf.o(.text.UART_IDLECallback)
    UART_Receive_IT                          0x08002c29   Thumb Code   120  stm32f1xx_hal_uart.o(.text.UART_Receive_IT)
    [Anonymous Symbol]                       0x08002c28   Section        0  stm32f1xx_hal_uart.o(.text.UART_Receive_IT)
    UART_SetConfig                           0x08002ca1   Thumb Code   132  stm32f1xx_hal_uart.o(.text.UART_SetConfig)
    [Anonymous Symbol]                       0x08002ca0   Section        0  stm32f1xx_hal_uart.o(.text.UART_SetConfig)
    __arm_cp.2_0                             0x08002d20   Number         4  stm32f1xx_hal_uart.o(.text.UART_SetConfig)
    UART_WaitOnFlagUntilTimeout              0x08002d25   Thumb Code    88  stm32f1xx_hal_uart.o(.text.UART_WaitOnFlagUntilTimeout)
    [Anonymous Symbol]                       0x08002d24   Section        0  stm32f1xx_hal_uart.o(.text.UART_WaitOnFlagUntilTimeout)
    [Anonymous Symbol]                       0x08002d7c   Section        0  stm32f1xx_it.o(.text.USART1_IRQHandler)
    __arm_cp.13_0                            0x08002d98   Number         4  stm32f1xx_it.o(.text.USART1_IRQHandler)
    __arm_cp.13_1                            0x08002d9c   Number         4  stm32f1xx_it.o(.text.USART1_IRQHandler)
    __arm_cp.13_2                            0x08002da0   Number         4  stm32f1xx_it.o(.text.USART1_IRQHandler)
    [Anonymous Symbol]                       0x08002da4   Section        0  stm32f1xx_it.o(.text.USART3_IRQHandler)
    [Anonymous Symbol]                       0x08002dac   Section        0  stm32f1xx_it.o(.text.UsageFault_Handler)
    __NVIC_SetPriority                       0x08002db1   Thumb Code    36  stm32f1xx_hal_cortex.o(.text.__NVIC_SetPriority)
    [Anonymous Symbol]                       0x08002db0   Section        0  stm32f1xx_hal_cortex.o(.text.__NVIC_SetPriority)
    __arm_cp.2_0                             0x08002dcc   Number         4  stm32f1xx_hal_cortex.o(.text.__NVIC_SetPriority)
    __arm_cp.2_1                             0x08002dd0   Number         4  stm32f1xx_hal_cortex.o(.text.__NVIC_SetPriority)
    [Anonymous Symbol]                       0x08002dd4   Section        0  main.o(.text.fputc)
    [Anonymous Symbol]                       0x08002df0   Section        0  main.o(.text.main)
    __arm_cp.2_0                             0x08002fe8   Number         4  main.o(.text.main)
    __arm_cp.2_1                             0x08002fec   Number         4  main.o(.text.main)
    __arm_cp.2_2                             0x08002ff0   Number         4  main.o(.text.main)
    __arm_cp.2_3                             0x08002ff4   Number         4  main.o(.text.main)
    __arm_cp.2_4                             0x08002ff8   Number         4  main.o(.text.main)
    __arm_cp.2_5                             0x08002ffc   Number         4  main.o(.text.main)
    __arm_cp.2_6                             0x08003000   Number         4  main.o(.text.main)
    __arm_cp.2_7                             0x08003004   Number         4  main.o(.text.main)
    __arm_cp.2_8                             0x08003008   Number         4  main.o(.text.main)
    [Anonymous Symbol]                       0x0800302c   Section        0  uartbuf.o(.text.write_buf)
    i.__0printf                              0x08003058   Section        0  printfa.o(i.__0printf)
    i.__ARM_fpclassify                       0x08003078   Section        0  fpclassify.o(i.__ARM_fpclassify)
    i.__ARM_fpclassifyf                      0x080030a0   Section        0  fpclassifyf.o(i.__ARM_fpclassifyf)
    i.__kernel_poly                          0x080030c6   Section        0  poly.o(i.__kernel_poly)
    i.__mathlib_dbl_infnan                   0x08003170   Section        0  dunder.o(i.__mathlib_dbl_infnan)
    i.__mathlib_dbl_invalid                  0x08003176   Section        0  dunder.o(i.__mathlib_dbl_invalid)
    i.__mathlib_dbl_underflow                0x08003184   Section        0  dunder.o(i.__mathlib_dbl_underflow)
    i.__mathlib_flt_infnan2                  0x08003194   Section        0  funder.o(i.__mathlib_flt_infnan2)
    i.__mathlib_flt_underflow                0x08003198   Section        0  funder.o(i.__mathlib_flt_underflow)
    i.__scatterload_copy                     0x080031a2   Section       14  handlers.o(i.__scatterload_copy)
    i.__scatterload_null                     0x080031b0   Section        2  handlers.o(i.__scatterload_null)
    i.__scatterload_zeroinit                 0x080031b2   Section       14  handlers.o(i.__scatterload_zeroinit)
    i.__set_errno                            0x080031c0   Section        0  errno.o(i.__set_errno)
    _fp_digits                               0x080031cd   Thumb Code   366  printfa.o(i._fp_digits)
    i._fp_digits                             0x080031cc   Section        0  printfa.o(i._fp_digits)
    _printf_core                             0x08003351   Thumb Code  1744  printfa.o(i._printf_core)
    i._printf_core                           0x08003350   Section        0  printfa.o(i._printf_core)
    _printf_post_padding                     0x08003a2d   Thumb Code    36  printfa.o(i._printf_post_padding)
    i._printf_post_padding                   0x08003a2c   Section        0  printfa.o(i._printf_post_padding)
    _printf_pre_padding                      0x08003a51   Thumb Code    46  printfa.o(i._printf_pre_padding)
    i._printf_pre_padding                    0x08003a50   Section        0  printfa.o(i._printf_pre_padding)
    i.asin                                   0x08003a80   Section        0  asin.o(i.asin)
    i.atan2f                                 0x08003cf0   Section        0  atan2f.o(i.atan2f)
    i.puts                                   0x08003f7c   Section        0  puts.o(i.puts)
    i.sqrt                                   0x08003fa0   Section        0  sqrt.o(i.sqrt)
    pS                                       0x08003ff0   Data          48  asin.o(.constdata)
    .constdata                               0x08003ff0   Section       80  asin.o(.constdata)
    qS                                       0x08004020   Data          32  asin.o(.constdata)
    .data                                    0x20000000   Section        4  stdout.o(.data)
    _errno                                   0x20000004   Data           4  errno.o(.data)
    .data                                    0x20000004   Section        4  errno.o(.data)
    [Anonymous Symbol]                       0x20000008   Section        0  stm32f1xx_hal.o(.data..L_MergedGlobals)
    GetAngle.NumQ.0                          0x20000010   Data           4  icm20602.o(.data.GetAngle.NumQ.0)
    [Anonymous Symbol]                       0x20000010   Section        0  icm20602.o(.data.GetAngle.NumQ.0)
    [Anonymous Symbol]                       0x20000018   Section        0  main.o(.bss..L_MergedGlobals)
    GetAngle.GyroIntegError.0                0x20000070   Data           4  icm20602.o(.bss..L_MergedGlobals)
    [Anonymous Symbol]                       0x20000070   Section        0  icm20602.o(.bss..L_MergedGlobals)
    GetAngle.GyroIntegError.1                0x20000074   Data           4  icm20602.o(.bss..L_MergedGlobals)
    GetAngle.GyroIntegError.2                0x20000078   Data           4  icm20602.o(.bss..L_MergedGlobals)
    GetAngle.NumQ.1                          0x2000007c   Data           4  icm20602.o(.bss..L_MergedGlobals)
    GetAngle.NumQ.2                          0x20000080   Data           4  icm20602.o(.bss..L_MergedGlobals)
    GetAngle.NumQ.3                          0x20000084   Data           4  icm20602.o(.bss..L_MergedGlobals)
    STACK                                    0x200003c8   Section     2048  startup_stm32f103xb.o(STACK)

    Global Symbols

    Symbol Name                              Value     Ov Type        Size  Object(Section)

    BuildAttributes$$THM_ISAv4$P$D$K$B$S$PE$A:L22UL41UL21$X:L11$S22US41US21$IEEE1$IW$~IW$USESV6$~STKCKD$USESV7$~SHL$OTIME$ROPI$IEEEX$EBA8$MICROLIB$REQ8$PRES8$EABIv2 0x00000000   Number         0  anon$$obj.o ABSOLUTE
    _printf_a                                0x00000000   Number         0  stubs.o ABSOLUTE
    _printf_c                                0x00000000   Number         0  stubs.o ABSOLUTE
    _printf_charcount                        0x00000000   Number         0  stubs.o ABSOLUTE
    _printf_d                                0x00000000   Number         0  stubs.o ABSOLUTE
    _printf_e                                0x00000000   Number         0  stubs.o ABSOLUTE
    _printf_f                                0x00000000   Number         0  stubs.o ABSOLUTE
    _printf_flags                            0x00000000   Number         0  stubs.o ABSOLUTE
    _printf_fp_dec                           0x00000000   Number         0  stubs.o ABSOLUTE
    _printf_fp_hex                           0x00000000   Number         0  stubs.o ABSOLUTE
    _printf_g                                0x00000000   Number         0  stubs.o ABSOLUTE
    _printf_i                                0x00000000   Number         0  stubs.o ABSOLUTE
    _printf_int_dec                          0x00000000   Number         0  stubs.o ABSOLUTE
    _printf_l                                0x00000000   Number         0  stubs.o ABSOLUTE
    _printf_lc                               0x00000000   Number         0  stubs.o ABSOLUTE
    _printf_ll                               0x00000000   Number         0  stubs.o ABSOLUTE
    _printf_lld                              0x00000000   Number         0  stubs.o ABSOLUTE
    _printf_lli                              0x00000000   Number         0  stubs.o ABSOLUTE
    _printf_llo                              0x00000000   Number         0  stubs.o ABSOLUTE
    _printf_llu                              0x00000000   Number         0  stubs.o ABSOLUTE
    _printf_llx                              0x00000000   Number         0  stubs.o ABSOLUTE
    _printf_longlong_dec                     0x00000000   Number         0  stubs.o ABSOLUTE
    _printf_longlong_hex                     0x00000000   Number         0  stubs.o ABSOLUTE
    _printf_longlong_oct                     0x00000000   Number         0  stubs.o ABSOLUTE
    _printf_ls                               0x00000000   Number         0  stubs.o ABSOLUTE
    _printf_mbtowc                           0x00000000   Number         0  stubs.o ABSOLUTE
    _printf_n                                0x00000000   Number         0  stubs.o ABSOLUTE
    _printf_o                                0x00000000   Number         0  stubs.o ABSOLUTE
    _printf_p                                0x00000000   Number         0  stubs.o ABSOLUTE
    _printf_percent                          0x00000000   Number         0  stubs.o ABSOLUTE
    _printf_pre_padding                      0x00000000   Number         0  stubs.o ABSOLUTE
    _printf_return_value                     0x00000000   Number         0  stubs.o ABSOLUTE
    _printf_s                                0x00000000   Number         0  stubs.o ABSOLUTE
    _printf_sizespec                         0x00000000   Number         0  stubs.o ABSOLUTE
    _printf_str                              0x00000000   Number         0  stubs.o ABSOLUTE
    _printf_truncate_signed                  0x00000000   Number         0  stubs.o ABSOLUTE
    _printf_truncate_unsigned                0x00000000   Number         0  stubs.o ABSOLUTE
    _printf_u                                0x00000000   Number         0  stubs.o ABSOLUTE
    _printf_wc                               0x00000000   Number         0  stubs.o ABSOLUTE
    _printf_wctomb                           0x00000000   Number         0  stubs.o ABSOLUTE
    _printf_widthprec                        0x00000000   Number         0  stubs.o ABSOLUTE
    _printf_x                                0x00000000   Number         0  stubs.o ABSOLUTE
    __cpp_initialize__aeabi_                  - Undefined Weak Reference
    __cxa_finalize                            - Undefined Weak Reference
    __decompress                              - Undefined Weak Reference
    _clock_init                               - Undefined Weak Reference
    _microlib_exit                            - Undefined Weak Reference
    __Vectors_Size                           0x000000ec   Number         0  startup_stm32f103xb.o ABSOLUTE
    __Vectors                                0x08000000   Data           4  startup_stm32f103xb.o(RESET)
    __Vectors_End                            0x080000ec   Data           0  startup_stm32f103xb.o(RESET)
    __main                                   0x080000ed   Thumb Code     0  entry.o(.ARM.Collect$$$$00000000)
    _main_stk                                0x080000ed   Thumb Code     0  entry2.o(.ARM.Collect$$$$00000001)
    _main_scatterload                        0x080000f1   Thumb Code     0  entry5.o(.ARM.Collect$$$$00000004)
    __main_after_scatterload                 0x080000f5   Thumb Code     0  entry5.o(.ARM.Collect$$$$00000004)
    _main_clock                              0x080000f5   Thumb Code     0  entry7b.o(.ARM.Collect$$$$00000008)
    _main_cpp_init                           0x080000f5   Thumb Code     0  entry8b.o(.ARM.Collect$$$$0000000A)
    _main_init                               0x080000f5   Thumb Code     0  entry9a.o(.ARM.Collect$$$$0000000B)
    __rt_final_cpp                           0x080000fd   Thumb Code     0  entry10a.o(.ARM.Collect$$$$0000000D)
    __rt_final_exit                          0x080000fd   Thumb Code     0  entry11a.o(.ARM.Collect$$$$0000000F)
    Reset_Handler                            0x08000101   Thumb Code     8  startup_stm32f103xb.o(.text)
    ADC1_2_IRQHandler                        0x0800011b   Thumb Code     0  startup_stm32f103xb.o(.text)
    CAN1_RX1_IRQHandler                      0x0800011b   Thumb Code     0  startup_stm32f103xb.o(.text)
    CAN1_SCE_IRQHandler                      0x0800011b   Thumb Code     0  startup_stm32f103xb.o(.text)
    DMA1_Channel1_IRQHandler                 0x0800011b   Thumb Code     0  startup_stm32f103xb.o(.text)
    DMA1_Channel4_IRQHandler                 0x0800011b   Thumb Code     0  startup_stm32f103xb.o(.text)
    DMA1_Channel6_IRQHandler                 0x0800011b   Thumb Code     0  startup_stm32f103xb.o(.text)
    DMA1_Channel7_IRQHandler                 0x0800011b   Thumb Code     0  startup_stm32f103xb.o(.text)
    EXTI0_IRQHandler                         0x0800011b   Thumb Code     0  startup_stm32f103xb.o(.text)
    EXTI15_10_IRQHandler                     0x0800011b   Thumb Code     0  startup_stm32f103xb.o(.text)
    EXTI1_IRQHandler                         0x0800011b   Thumb Code     0  startup_stm32f103xb.o(.text)
    EXTI2_IRQHandler                         0x0800011b   Thumb Code     0  startup_stm32f103xb.o(.text)
    EXTI3_IRQHandler                         0x0800011b   Thumb Code     0  startup_stm32f103xb.o(.text)
    EXTI4_IRQHandler                         0x0800011b   Thumb Code     0  startup_stm32f103xb.o(.text)
    EXTI9_5_IRQHandler                       0x0800011b   Thumb Code     0  startup_stm32f103xb.o(.text)
    FLASH_IRQHandler                         0x0800011b   Thumb Code     0  startup_stm32f103xb.o(.text)
    I2C1_ER_IRQHandler                       0x0800011b   Thumb Code     0  startup_stm32f103xb.o(.text)
    I2C1_EV_IRQHandler                       0x0800011b   Thumb Code     0  startup_stm32f103xb.o(.text)
    I2C2_ER_IRQHandler                       0x0800011b   Thumb Code     0  startup_stm32f103xb.o(.text)
    I2C2_EV_IRQHandler                       0x0800011b   Thumb Code     0  startup_stm32f103xb.o(.text)
    PVD_IRQHandler                           0x0800011b   Thumb Code     0  startup_stm32f103xb.o(.text)
    RCC_IRQHandler                           0x0800011b   Thumb Code     0  startup_stm32f103xb.o(.text)
    RTC_Alarm_IRQHandler                     0x0800011b   Thumb Code     0  startup_stm32f103xb.o(.text)
    RTC_IRQHandler                           0x0800011b   Thumb Code     0  startup_stm32f103xb.o(.text)
    SPI1_IRQHandler                          0x0800011b   Thumb Code     0  startup_stm32f103xb.o(.text)
    SPI2_IRQHandler                          0x0800011b   Thumb Code     0  startup_stm32f103xb.o(.text)
    TAMPER_IRQHandler                        0x0800011b   Thumb Code     0  startup_stm32f103xb.o(.text)
    TIM1_BRK_IRQHandler                      0x0800011b   Thumb Code     0  startup_stm32f103xb.o(.text)
    TIM1_CC_IRQHandler                       0x0800011b   Thumb Code     0  startup_stm32f103xb.o(.text)
    TIM1_TRG_COM_IRQHandler                  0x0800011b   Thumb Code     0  startup_stm32f103xb.o(.text)
    TIM1_UP_IRQHandler                       0x0800011b   Thumb Code     0  startup_stm32f103xb.o(.text)
    TIM2_IRQHandler                          0x0800011b   Thumb Code     0  startup_stm32f103xb.o(.text)
    TIM4_IRQHandler                          0x0800011b   Thumb Code     0  startup_stm32f103xb.o(.text)
    USART2_IRQHandler                        0x0800011b   Thumb Code     0  startup_stm32f103xb.o(.text)
    USBWakeUp_IRQHandler                     0x0800011b   Thumb Code     0  startup_stm32f103xb.o(.text)
    USB_HP_CAN1_TX_IRQHandler                0x0800011b   Thumb Code     0  startup_stm32f103xb.o(.text)
    USB_LP_CAN1_RX0_IRQHandler               0x0800011b   Thumb Code     0  startup_stm32f103xb.o(.text)
    WWDG_IRQHandler                          0x0800011b   Thumb Code     0  startup_stm32f103xb.o(.text)
    __aeabi_llsr                             0x08000125   Thumb Code    32  llushr.o(.text)
    _ll_ushift_r                             0x08000125   Thumb Code     0  llushr.o(.text)
    __aeabi_fadd                             0x08000145   Thumb Code   164  fadd.o(.text)
    __aeabi_fsub                             0x080001e9   Thumb Code     6  fadd.o(.text)
    __aeabi_frsub                            0x080001ef   Thumb Code     6  fadd.o(.text)
    __aeabi_fmul                             0x080001f5   Thumb Code   100  fmul.o(.text)
    __aeabi_dmul                             0x08000259   Thumb Code   228  dmul.o(.text)
    __aeabi_fcmpge                           0x0800033d   Thumb Code    28  fcmpge.o(.text)
    __aeabi_fcmpgt                           0x08000359   Thumb Code    28  fcmpgt.o(.text)
    __aeabi_i2f                              0x08000375   Thumb Code    18  fflti.o(.text)
    __aeabi_f2d                              0x08000387   Thumb Code    38  f2d.o(.text)
    __aeabi_d2f                              0x080003ad   Thumb Code    56  d2f.o(.text)
    __aeabi_uidiv                            0x080003e5   Thumb Code     0  uidiv.o(.text)
    __aeabi_uidivmod                         0x080003e5   Thumb Code    44  uidiv.o(.text)
    __aeabi_uldivmod                         0x08000411   Thumb Code    98  uldiv.o(.text)
    __I$use$fp                               0x08000473   Thumb Code     0  iusefp.o(.text)
    _float_round                             0x08000473   Thumb Code    18  fepilogue.o(.text)
    _float_epilogue                          0x08000485   Thumb Code    92  fepilogue.o(.text)
    __aeabi_fdiv                             0x080004e1   Thumb Code   124  fdiv.o(.text)
    _double_round                            0x0800055d   Thumb Code    30  depilogue.o(.text)
    _double_epilogue                         0x0800057b   Thumb Code   156  depilogue.o(.text)
    __aeabi_dadd                             0x08000617   Thumb Code   322  dadd.o(.text)
    __aeabi_dsub                             0x08000759   Thumb Code     6  dadd.o(.text)
    __aeabi_drsub                            0x0800075f   Thumb Code     6  dadd.o(.text)
    __aeabi_ddiv                             0x08000765   Thumb Code   222  ddiv.o(.text)
    __ARM_scalbn                             0x08000843   Thumb Code    46  dscalb.o(.text)
    scalbn                                   0x08000843   Thumb Code     0  dscalb.o(.text)
    __aeabi_d2ulz                            0x08000871   Thumb Code    48  dfixul.o(.text)
    __aeabi_cdrcmple                         0x080008a1   Thumb Code    48  cdrcmple.o(.text)
    __scatterload                            0x080008d1   Thumb Code    28  init.o(.text)
    __scatterload_rt2                        0x080008d1   Thumb Code     0  init.o(.text)
    __aeabi_llsl                             0x080008f5   Thumb Code    30  llshl.o(.text)
    _ll_shift_l                              0x080008f5   Thumb Code     0  llshl.o(.text)
    __aeabi_lasr                             0x08000913   Thumb Code    36  llsshr.o(.text)
    _ll_sshift_r                             0x08000913   Thumb Code     0  llsshr.o(.text)
    __ARM_scalbnf                            0x08000937   Thumb Code    24  fscalb.o(.text)
    scalbnf                                  0x08000937   Thumb Code     0  fscalb.o(.text)
    _dsqrt                                   0x0800094f   Thumb Code   162  dsqrt.o(.text)
    BusFault_Handler                         0x080009f1   Thumb Code     2  stm32f1xx_it.o(.text.BusFault_Handler)
    DMA1_Channel2_IRQHandler                 0x080009f5   Thumb Code    12  stm32f1xx_it.o(.text.DMA1_Channel2_IRQHandler)
    DMA1_Channel3_IRQHandler                 0x08000a01   Thumb Code    12  stm32f1xx_it.o(.text.DMA1_Channel3_IRQHandler)
    DMA1_Channel5_IRQHandler                 0x08000a0d   Thumb Code    12  stm32f1xx_it.o(.text.DMA1_Channel5_IRQHandler)
    DebugMon_Handler                         0x08000a41   Thumb Code     2  stm32f1xx_it.o(.text.DebugMon_Handler)
    Error_Handler                            0x08000a43   Thumb Code     2  main.o(.text.Error_Handler)
    GetAngle                                 0x08000a45   Thumb Code  1216  icm20602.o(.text.GetAngle)
    HAL_DMA_Abort                            0x08000f05   Thumb Code    62  stm32f1xx_hal_dma.o(.text.HAL_DMA_Abort)
    HAL_DMA_Abort_IT                         0x08000f45   Thumb Code   156  stm32f1xx_hal_dma.o(.text.HAL_DMA_Abort_IT)
    HAL_DMA_IRQHandler                       0x08000fc9   Thumb Code   320  stm32f1xx_hal_dma.o(.text.HAL_DMA_IRQHandler)
    HAL_DMA_Init                             0x08001109   Thumb Code   100  stm32f1xx_hal_dma.o(.text.HAL_DMA_Init)
    HAL_DMA_Start_IT                         0x0800116d   Thumb Code   108  stm32f1xx_hal_dma.o(.text.HAL_DMA_Start_IT)
    HAL_Delay                                0x080011d9   Thumb Code    36  stm32f1xx_hal.o(.text.HAL_Delay)
    HAL_GPIO_Init                            0x080011f9   Thumb Code   416  stm32f1xx_hal_gpio.o(.text.HAL_GPIO_Init)
    HAL_GPIO_WritePin                        0x08001395   Thumb Code    10  stm32f1xx_hal_gpio.o(.text.HAL_GPIO_WritePin)
    HAL_GetTick                              0x080013a1   Thumb Code    12  stm32f1xx_hal.o(.text.HAL_GetTick)
    HAL_IncTick                              0x080013a9   Thumb Code    24  stm32f1xx_hal.o(.text.HAL_IncTick)
    HAL_Init                                 0x080013bd   Thumb Code    36  stm32f1xx_hal.o(.text.HAL_Init)
    HAL_InitTick                             0x080013dd   Thumb Code    64  stm32f1xx_hal.o(.text.HAL_InitTick)
    HAL_MspInit                              0x08001419   Thumb Code    64  stm32f1xx_hal_msp.o(.text.HAL_MspInit)
    HAL_NVIC_EnableIRQ                       0x08001459   Thumb Code    28  stm32f1xx_hal_cortex.o(.text.HAL_NVIC_EnableIRQ)
    HAL_NVIC_SetPriority                     0x08001475   Thumb Code    64  stm32f1xx_hal_cortex.o(.text.HAL_NVIC_SetPriority)
    HAL_NVIC_SetPriorityGrouping             0x080014b1   Thumb Code    32  stm32f1xx_hal_cortex.o(.text.HAL_NVIC_SetPriorityGrouping)
    HAL_RCC_ClockConfig                      0x080014d1   Thumb Code   324  stm32f1xx_hal_rcc.o(.text.HAL_RCC_ClockConfig)
    HAL_RCC_GetPCLK1Freq                     0x0800160d   Thumb Code    32  stm32f1xx_hal_rcc.o(.text.HAL_RCC_GetPCLK1Freq)
    HAL_RCC_GetPCLK2Freq                     0x08001621   Thumb Code    32  stm32f1xx_hal_rcc.o(.text.HAL_RCC_GetPCLK2Freq)
    HAL_RCC_GetSysClockFreq                  0x0800163d   Thumb Code    88  stm32f1xx_hal_rcc.o(.text.HAL_RCC_GetSysClockFreq)
    HAL_RCC_OscConfig                        0x08001695   Thumb Code   804  stm32f1xx_hal_rcc.o(.text.HAL_RCC_OscConfig)
    HAL_SPI_Init                             0x080019b9   Thumb Code   122  stm32f1xx_hal_spi.o(.text.HAL_SPI_Init)
    HAL_SPI_MspInit                          0x08001a35   Thumb Code   116  stm32f1xx_hal_msp.o(.text.HAL_SPI_MspInit)
    HAL_SPI_Transmit                         0x08001aa9   Thumb Code   354  stm32f1xx_hal_spi.o(.text.HAL_SPI_Transmit)
    HAL_SPI_TransmitReceive                  0x08001c0b   Thumb Code   468  stm32f1xx_hal_spi.o(.text.HAL_SPI_TransmitReceive)
    HAL_SYSTICK_Config                       0x08001de1   Thumb Code    40  stm32f1xx_hal_cortex.o(.text.HAL_SYSTICK_Config)
    HAL_TIMEx_BreakCallback                  0x08001e09   Thumb Code     2  stm32f1xx_hal_tim_ex.o(.text.HAL_TIMEx_BreakCallback)
    HAL_TIMEx_CommutCallback                 0x08001e0b   Thumb Code     2  stm32f1xx_hal_tim_ex.o(.text.HAL_TIMEx_CommutCallback)
    HAL_TIMEx_MasterConfigSynchronization    0x08001e0d   Thumb Code    66  stm32f1xx_hal_tim_ex.o(.text.HAL_TIMEx_MasterConfigSynchronization)
    HAL_TIM_Base_Init                        0x08001e4f   Thumb Code    52  stm32f1xx_hal_tim.o(.text.HAL_TIM_Base_Init)
    HAL_TIM_Base_MspInit                     0x08001e85   Thumb Code    60  stm32f1xx_hal_msp.o(.text.HAL_TIM_Base_MspInit)
    HAL_TIM_Base_Start_IT                    0x08001ec1   Thumb Code    32  stm32f1xx_hal_tim.o(.text.HAL_TIM_Base_Start_IT)
    HAL_TIM_ConfigClockSource                0x08001ee1   Thumb Code   272  stm32f1xx_hal_tim.o(.text.HAL_TIM_ConfigClockSource)
    HAL_TIM_IC_CaptureCallback               0x08001ff1   Thumb Code     2  stm32f1xx_hal_tim.o(.text.HAL_TIM_IC_CaptureCallback)
    HAL_TIM_IRQHandler                       0x08001ff3   Thumb Code   362  stm32f1xx_hal_tim.o(.text.HAL_TIM_IRQHandler)
    HAL_TIM_OC_DelayElapsedCallback          0x0800215d   Thumb Code     2  stm32f1xx_hal_tim.o(.text.HAL_TIM_OC_DelayElapsedCallback)
    HAL_TIM_PWM_PulseFinishedCallback        0x0800215f   Thumb Code     2  stm32f1xx_hal_tim.o(.text.HAL_TIM_PWM_PulseFinishedCallback)
    HAL_TIM_PeriodElapsedCallback            0x08002161   Thumb Code    72  main.o(.text.HAL_TIM_PeriodElapsedCallback)
    HAL_TIM_TriggerCallback                  0x080021a9   Thumb Code     2  stm32f1xx_hal_tim.o(.text.HAL_TIM_TriggerCallback)
    HAL_UART_DMAStop                         0x080021ab   Thumb Code    96  stm32f1xx_hal_uart.o(.text.HAL_UART_DMAStop)
    HAL_UART_ErrorCallback                   0x0800220b   Thumb Code     2  stm32f1xx_hal_uart.o(.text.HAL_UART_ErrorCallback)
    HAL_UART_IRQHandler                      0x0800220d   Thumb Code   360  stm32f1xx_hal_uart.o(.text.HAL_UART_IRQHandler)
    HAL_UART_Init                            0x08002375   Thumb Code    92  stm32f1xx_hal_uart.o(.text.HAL_UART_Init)
    HAL_UART_MspInit                         0x080023d1   Thumb Code   400  stm32f1xx_hal_msp.o(.text.HAL_UART_MspInit)
    HAL_UART_Receive_DMA                     0x0800255d   Thumb Code   144  stm32f1xx_hal_uart.o(.text.HAL_UART_Receive_DMA)
    HAL_UART_RxCpltCallback                  0x080025ed   Thumb Code     2  stm32f1xx_hal_uart.o(.text.HAL_UART_RxCpltCallback)
    HAL_UART_RxHalfCpltCallback              0x080025ef   Thumb Code     2  stm32f1xx_hal_uart.o(.text.HAL_UART_RxHalfCpltCallback)
    HAL_UART_Transmit                        0x080025f1   Thumb Code   174  stm32f1xx_hal_uart.o(.text.HAL_UART_Transmit)
    HAL_UART_TxCpltCallback                  0x0800269f   Thumb Code     2  stm32f1xx_hal_uart.o(.text.HAL_UART_TxCpltCallback)
    HardFault_Handler                        0x080026a1   Thumb Code     2  stm32f1xx_it.o(.text.HardFault_Handler)
    ICM20602_Init                            0x080026a5   Thumb Code   128  icm20602.o(.text.ICM20602_Init)
    ICM_Get_Raw_data                         0x08002725   Thumb Code    92  icm20602.o(.text.ICM_Get_Raw_data)
    ICM_Read_Byte                            0x08002781   Thumb Code    68  icm20602.o(.text.ICM_Read_Byte)
    ICM_Read_Len                             0x080027c1   Thumb Code    68  icm20602.o(.text.ICM_Read_Len)
    ICM_Set_Accel_Fsr                        0x080027fd   Thumb Code    10  icm20602.o(.text.ICM_Set_Accel_Fsr)
    ICM_Set_Gyro_Fsr                         0x08002807   Thumb Code    10  icm20602.o(.text.ICM_Set_Gyro_Fsr)
    ICM_Set_LPF                              0x08002811   Thumb Code    46  icm20602.o(.text.ICM_Set_LPF)
    ICM_Set_Rate                             0x0800283f   Thumb Code    46  icm20602.o(.text.ICM_Set_Rate)
    ICM_Write_Byte                           0x0800286d   Thumb Code    60  icm20602.o(.text.ICM_Write_Byte)
    MemManage_Handler                        0x080028a9   Thumb Code     2  stm32f1xx_it.o(.text.MemManage_Handler)
    NMI_Handler                              0x080028ab   Thumb Code     2  stm32f1xx_it.o(.text.NMI_Handler)
    PendSV_Handler                           0x080028ad   Thumb Code     2  stm32f1xx_it.o(.text.PendSV_Handler)
    Q_rsqrt                                  0x080028b1   Thumb Code    52  icm20602.o(.text.Q_rsqrt)
    SVC_Handler                              0x08002987   Thumb Code     2  stm32f1xx_it.o(.text.SVC_Handler)
    SysTick_Handler                          0x08002989   Thumb Code     4  stm32f1xx_it.o(.text.SysTick_Handler)
    SystemClock_Config                       0x0800298d   Thumb Code    74  main.o(.text.SystemClock_Config)
    SystemInit                               0x080029d9   Thumb Code    76  system_stm32f1xx.o(.text.SystemInit)
    TIM3_IRQHandler                          0x08002a25   Thumb Code    12  stm32f1xx_it.o(.text.TIM3_IRQHandler)
    TIM_Base_SetConfig                       0x08002a31   Thumb Code    92  stm32f1xx_hal_tim.o(.text.TIM_Base_SetConfig)
    UART_IDLECallback                        0x08002b89   Thumb Code   160  uartbuf.o(.text.UART_IDLECallback)
    USART1_IRQHandler                        0x08002d7d   Thumb Code    44  stm32f1xx_it.o(.text.USART1_IRQHandler)
    USART3_IRQHandler                        0x08002da5   Thumb Code    12  stm32f1xx_it.o(.text.USART3_IRQHandler)
    UsageFault_Handler                       0x08002dad   Thumb Code     2  stm32f1xx_it.o(.text.UsageFault_Handler)
    fputc                                    0x08002dd5   Thumb Code    32  main.o(.text.fputc)
    main                                     0x08002df1   Thumb Code   572  main.o(.text.main)
    write_buf                                0x0800302d   Thumb Code    44  uartbuf.o(.text.write_buf)
    __0printf                                0x08003059   Thumb Code    22  printfa.o(i.__0printf)
    __1printf                                0x08003059   Thumb Code     0  printfa.o(i.__0printf)
    __2printf                                0x08003059   Thumb Code     0  printfa.o(i.__0printf)
    __c89printf                              0x08003059   Thumb Code     0  printfa.o(i.__0printf)
    printf                                   0x08003059   Thumb Code     0  printfa.o(i.__0printf)
    __ARM_fpclassify                         0x08003079   Thumb Code    40  fpclassify.o(i.__ARM_fpclassify)
    __ARM_fpclassifyf                        0x080030a1   Thumb Code    38  fpclassifyf.o(i.__ARM_fpclassifyf)
    __kernel_poly                            0x080030c7   Thumb Code   170  poly.o(i.__kernel_poly)
    __mathlib_dbl_infnan                     0x08003171   Thumb Code     6  dunder.o(i.__mathlib_dbl_infnan)
    __mathlib_dbl_invalid                    0x08003177   Thumb Code    12  dunder.o(i.__mathlib_dbl_invalid)
    __mathlib_dbl_underflow                  0x08003185   Thumb Code    10  dunder.o(i.__mathlib_dbl_underflow)
    __mathlib_flt_infnan2                    0x08003195   Thumb Code     4  funder.o(i.__mathlib_flt_infnan2)
    __mathlib_flt_underflow                  0x08003199   Thumb Code    10  funder.o(i.__mathlib_flt_underflow)
    __scatterload_copy                       0x080031a3   Thumb Code    14  handlers.o(i.__scatterload_copy)
    __scatterload_null                       0x080031b1   Thumb Code     2  handlers.o(i.__scatterload_null)
    __scatterload_zeroinit                   0x080031b3   Thumb Code    14  handlers.o(i.__scatterload_zeroinit)
    __set_errno                              0x080031c1   Thumb Code     6  errno.o(i.__set_errno)
    asin                                     0x08003a81   Thumb Code   572  asin.o(i.asin)
    atan2f                                   0x08003cf1   Thumb Code   576  atan2f.o(i.atan2f)
    puts                                     0x08003f7d   Thumb Code    30  puts.o(i.puts)
    sqrt                                     0x08003fa1   Thumb Code    76  sqrt.o(i.sqrt)
    AHBPrescTable                            0x08004040   Data          16  system_stm32f1xx.o(.rodata.AHBPrescTable)
    APBPrescTable                            0x08004050   Data           8  system_stm32f1xx.o(.rodata.APBPrescTable)
    Region$$Table$$Base                      0x08004058   Number         0  anon$$obj.o(Region$$Table)
    Region$$Table$$Limit                     0x08004078   Number         0  anon$$obj.o(Region$$Table)
    __stdout                                 0x20000000   Data           4  stdout.o(.data)
    uwTickFreq                               0x20000008   Data           1  stm32f1xx_hal.o(.data..L_MergedGlobals)
    uwTickPrio                               0x2000000c   Data           4  stm32f1xx_hal.o(.data..L_MergedGlobals)
    SystemCoreClock                          0x20000014   Data           4  system_stm32f1xx.o(.data.SystemCoreClock)
    icm_data                                 0x20000018   Data          12  main.o(.bss..L_MergedGlobals)
    icm_angle                                0x20000024   Data          12  main.o(.bss..L_MergedGlobals)
    huart1                                   0x20000030   Data          64  main.o(.bss..L_MergedGlobals)
    hdma_usart1_rx                           0x20000088   Data          68  main.o(.bss.hdma_usart1_rx)
    hdma_usart3_rx                           0x200000cc   Data          68  main.o(.bss.hdma_usart3_rx)
    hdma_usart3_tx                           0x20000110   Data          68  main.o(.bss.hdma_usart3_tx)
    hspi1                                    0x20000154   Data          88  main.o(.bss.hspi1)
    htim3                                    0x200001ac   Data          64  main.o(.bss.htim3)
    huart3                                   0x200001ec   Data          64  main.o(.bss.huart3)
    rx_buff                                  0x2000022c   Data         200  main.o(.bss.rx_buff)
    uartbuf1                                 0x200002f4   Data         206  uartbuf.o(.bss.uartbuf1)
    uwTick                                   0x200003c4   Data           4  stm32f1xx_hal.o(.bss.uwTick)
    __initial_sp                             0x20000bc8   Data           0  startup_stm32f103xb.o(STACK)



==============================================================================

Memory Map of the image

  Image Entry point : 0x080000ed

  Load Region LR_IROM1 (Base: 0x08000000, Size: 0x00004090, Max: 0x00010000, ABSOLUTE)

    Execution Region ER_IROM1 (Exec base: 0x08000000, Load base: 0x08000000, Size: 0x00004078, Max: 0x00010000, ABSOLUTE)

    Exec Addr    Load Addr    Size         Type   Attr      Idx    E Section Name        Object

    0x08000000   0x08000000   0x000000ec   Data   RO            3    RESET               startup_stm32f103xb.o
    0x080000ec   0x080000ec   0x00000000   Code   RO         1102  * .ARM.Collect$$$$00000000  mc_w.l(entry.o)
    0x080000ec   0x080000ec   0x00000004   Code   RO         1430    .ARM.Collect$$$$00000001  mc_w.l(entry2.o)
    0x080000f0   0x080000f0   0x00000004   Code   RO         1433    .ARM.Collect$$$$00000004  mc_w.l(entry5.o)
    0x080000f4   0x080000f4   0x00000000   Code   RO         1435    .ARM.Collect$$$$00000008  mc_w.l(entry7b.o)
    0x080000f4   0x080000f4   0x00000000   Code   RO         1437    .ARM.Collect$$$$0000000A  mc_w.l(entry8b.o)
    0x080000f4   0x080000f4   0x00000008   Code   RO         1438    .ARM.Collect$$$$0000000B  mc_w.l(entry9a.o)
    0x080000fc   0x080000fc   0x00000000   Code   RO         1440    .ARM.Collect$$$$0000000D  mc_w.l(entry10a.o)
    0x080000fc   0x080000fc   0x00000000   Code   RO         1442    .ARM.Collect$$$$0000000F  mc_w.l(entry11a.o)
    0x080000fc   0x080000fc   0x00000004   Code   RO         1431    .ARM.Collect$$$$00002712  mc_w.l(entry2.o)
    0x08000100   0x08000100   0x00000024   Code   RO            4    .text               startup_stm32f103xb.o
    0x08000124   0x08000124   0x00000020   Code   RO         1109    .text               mc_w.l(llushr.o)
    0x08000144   0x08000144   0x000000b0   Code   RO         1372    .text               mf_w.l(fadd.o)
    0x080001f4   0x080001f4   0x00000064   Code   RO         1374    .text               mf_w.l(fmul.o)
    0x08000258   0x08000258   0x000000e4   Code   RO         1376    .text               mf_w.l(dmul.o)
    0x0800033c   0x0800033c   0x0000001c   Code   RO         1378    .text               mf_w.l(fcmpge.o)
    0x08000358   0x08000358   0x0000001c   Code   RO         1380    .text               mf_w.l(fcmpgt.o)
    0x08000374   0x08000374   0x00000012   Code   RO         1382    .text               mf_w.l(fflti.o)
    0x08000386   0x08000386   0x00000026   Code   RO         1384    .text               mf_w.l(f2d.o)
    0x080003ac   0x080003ac   0x00000038   Code   RO         1386    .text               mf_w.l(d2f.o)
    0x080003e4   0x080003e4   0x0000002c   Code   RO         1445    .text               mc_w.l(uidiv.o)
    0x08000410   0x08000410   0x00000062   Code   RO         1447    .text               mc_w.l(uldiv.o)
    0x08000472   0x08000472   0x00000000   Code   RO         1456    .text               mc_w.l(iusefp.o)
    0x08000472   0x08000472   0x0000006e   Code   RO         1457    .text               mf_w.l(fepilogue.o)
    0x080004e0   0x080004e0   0x0000007c   Code   RO         1459    .text               mf_w.l(fdiv.o)
    0x0800055c   0x0800055c   0x000000ba   Code   RO         1461    .text               mf_w.l(depilogue.o)
    0x08000616   0x08000616   0x0000014e   Code   RO         1463    .text               mf_w.l(dadd.o)
    0x08000764   0x08000764   0x000000de   Code   RO         1465    .text               mf_w.l(ddiv.o)
    0x08000842   0x08000842   0x0000002e   Code   RO         1467    .text               mf_w.l(dscalb.o)
    0x08000870   0x08000870   0x00000030   Code   RO         1469    .text               mf_w.l(dfixul.o)
    0x080008a0   0x080008a0   0x00000030   Code   RO         1471    .text               mf_w.l(cdrcmple.o)
    0x080008d0   0x080008d0   0x00000024   Code   RO         1473    .text               mc_w.l(init.o)
    0x080008f4   0x080008f4   0x0000001e   Code   RO         1475    .text               mc_w.l(llshl.o)
    0x08000912   0x08000912   0x00000024   Code   RO         1477    .text               mc_w.l(llsshr.o)
    0x08000936   0x08000936   0x00000018   Code   RO         1479    .text               mf_w.l(fscalb.o)
    0x0800094e   0x0800094e   0x000000a2   Code   RO         1481    .text               mf_w.l(dsqrt.o)
    0x080009f0   0x080009f0   0x00000002   Code   RO           45    .text.BusFault_Handler  stm32f1xx_it.o
    0x080009f2   0x080009f2   0x00000002   PAD
    0x080009f4   0x080009f4   0x0000000c   Code   RO           57    .text.DMA1_Channel2_IRQHandler  stm32f1xx_it.o
    0x08000a00   0x08000a00   0x0000000c   Code   RO           59    .text.DMA1_Channel3_IRQHandler  stm32f1xx_it.o
    0x08000a0c   0x08000a0c   0x0000000c   Code   RO           61    .text.DMA1_Channel5_IRQHandler  stm32f1xx_it.o
    0x08000a18   0x08000a18   0x00000028   Code   RO          378    .text.DMA_SetConfig  stm32f1xx_hal_dma.o
    0x08000a40   0x08000a40   0x00000002   Code   RO           51    .text.DebugMon_Handler  stm32f1xx_it.o
    0x08000a42   0x08000a42   0x00000002   Code   RO           19    .text.Error_Handler  main.o
    0x08000a44   0x08000a44   0x000004c0   Code   RO         1066    .text.GetAngle      icm20602.o
    0x08000f04   0x08000f04   0x0000003e   Code   RO          382    .text.HAL_DMA_Abort  stm32f1xx_hal_dma.o
    0x08000f42   0x08000f42   0x00000002   PAD
    0x08000f44   0x08000f44   0x00000084   Code   RO          384    .text.HAL_DMA_Abort_IT  stm32f1xx_hal_dma.o
    0x08000fc8   0x08000fc8   0x00000140   Code   RO          388    .text.HAL_DMA_IRQHandler  stm32f1xx_hal_dma.o
    0x08001108   0x08001108   0x00000064   Code   RO          372    .text.HAL_DMA_Init  stm32f1xx_hal_dma.o
    0x0800116c   0x0800116c   0x0000006c   Code   RO          380    .text.HAL_DMA_Start_IT  stm32f1xx_hal_dma.o
    0x080011d8   0x080011d8   0x00000020   Code   RO          254    .text.HAL_Delay     stm32f1xx_hal.o
    0x080011f8   0x080011f8   0x0000019c   Code   RO          347    .text.HAL_GPIO_Init  stm32f1xx_hal_gpio.o
    0x08001394   0x08001394   0x0000000a   Code   RO          353    .text.HAL_GPIO_WritePin  stm32f1xx_hal_gpio.o
    0x0800139e   0x0800139e   0x00000002   PAD
    0x080013a0   0x080013a0   0x00000008   Code   RO          246    .text.HAL_GetTick   stm32f1xx_hal.o
    0x080013a8   0x080013a8   0x00000014   Code   RO          244    .text.HAL_IncTick   stm32f1xx_hal.o
    0x080013bc   0x080013bc   0x00000020   Code   RO          234    .text.HAL_Init      stm32f1xx_hal.o
    0x080013dc   0x080013dc   0x0000003c   Code   RO          236    .text.HAL_InitTick  stm32f1xx_hal.o
    0x08001418   0x08001418   0x00000040   Code   RO           77    .text.HAL_MspInit   stm32f1xx_hal_msp.o
    0x08001458   0x08001458   0x0000001c   Code   RO          413    .text.HAL_NVIC_EnableIRQ  stm32f1xx_hal_cortex.o
    0x08001474   0x08001474   0x0000003c   Code   RO          409    .text.HAL_NVIC_SetPriority  stm32f1xx_hal_cortex.o
    0x080014b0   0x080014b0   0x00000020   Code   RO          407    .text.HAL_NVIC_SetPriorityGrouping  stm32f1xx_hal_cortex.o
    0x080014d0   0x080014d0   0x0000013c   Code   RO          299    .text.HAL_RCC_ClockConfig  stm32f1xx_hal_rcc.o
    0x0800160c   0x0800160c   0x00000014   Code   RO          311    .text.HAL_RCC_GetPCLK1Freq  stm32f1xx_hal_rcc.o
    0x08001620   0x08001620   0x0000001c   Code   RO          313    .text.HAL_RCC_GetPCLK2Freq  stm32f1xx_hal_rcc.o
    0x0800163c   0x0800163c   0x00000058   Code   RO          301    .text.HAL_RCC_GetSysClockFreq  stm32f1xx_hal_rcc.o
    0x08001694   0x08001694   0x00000324   Code   RO          297    .text.HAL_RCC_OscConfig  stm32f1xx_hal_rcc.o
    0x080019b8   0x080019b8   0x0000007a   Code   RO          115    .text.HAL_SPI_Init  stm32f1xx_hal_spi.o
    0x08001a32   0x08001a32   0x00000002   PAD
    0x08001a34   0x08001a34   0x00000074   Code   RO           79    .text.HAL_SPI_MspInit  stm32f1xx_hal_msp.o
    0x08001aa8   0x08001aa8   0x00000162   Code   RO          123    .text.HAL_SPI_Transmit  stm32f1xx_hal_spi.o
    0x08001c0a   0x08001c0a   0x000001d4   Code   RO          129    .text.HAL_SPI_TransmitReceive  stm32f1xx_hal_spi.o
    0x08001dde   0x08001dde   0x00000002   PAD
    0x08001de0   0x08001de0   0x00000028   Code   RO          421    .text.HAL_SYSTICK_Config  stm32f1xx_hal_cortex.o
    0x08001e08   0x08001e08   0x00000002   Code   RO          890    .text.HAL_TIMEx_BreakCallback  stm32f1xx_hal_tim_ex.o
    0x08001e0a   0x08001e0a   0x00000002   Code   RO          886    .text.HAL_TIMEx_CommutCallback  stm32f1xx_hal_tim_ex.o
    0x08001e0c   0x08001e0c   0x00000042   Code   RO          880    .text.HAL_TIMEx_MasterConfigSynchronization  stm32f1xx_hal_tim_ex.o
    0x08001e4e   0x08001e4e   0x00000034   Code   RO          585    .text.HAL_TIM_Base_Init  stm32f1xx_hal_tim.o
    0x08001e82   0x08001e82   0x00000002   PAD
    0x08001e84   0x08001e84   0x0000003c   Code   RO           83    .text.HAL_TIM_Base_MspInit  stm32f1xx_hal_msp.o
    0x08001ec0   0x08001ec0   0x00000020   Code   RO          599    .text.HAL_TIM_Base_Start_IT  stm32f1xx_hal_tim.o
    0x08001ee0   0x08001ee0   0x00000110   Code   RO          769    .text.HAL_TIM_ConfigClockSource  stm32f1xx_hal_tim.o
    0x08001ff0   0x08001ff0   0x00000002   Code   RO          721    .text.HAL_TIM_IC_CaptureCallback  stm32f1xx_hal_tim.o
    0x08001ff2   0x08001ff2   0x0000016a   Code   RO          719    .text.HAL_TIM_IRQHandler  stm32f1xx_hal_tim.o
    0x0800215c   0x0800215c   0x00000002   Code   RO          723    .text.HAL_TIM_OC_DelayElapsedCallback  stm32f1xx_hal_tim.o
    0x0800215e   0x0800215e   0x00000002   Code   RO          725    .text.HAL_TIM_PWM_PulseFinishedCallback  stm32f1xx_hal_tim.o
    0x08002160   0x08002160   0x00000048   Code   RO           13    .text.HAL_TIM_PeriodElapsedCallback  main.o
    0x080021a8   0x080021a8   0x00000002   Code   RO          729    .text.HAL_TIM_TriggerCallback  stm32f1xx_hal_tim.o
    0x080021aa   0x080021aa   0x00000060   Code   RO          947    .text.HAL_UART_DMAStop  stm32f1xx_hal_uart.o
    0x0800220a   0x0800220a   0x00000002   Code   RO          983    .text.HAL_UART_ErrorCallback  stm32f1xx_hal_uart.o
    0x0800220c   0x0800220c   0x00000168   Code   RO          977    .text.HAL_UART_IRQHandler  stm32f1xx_hal_uart.o
    0x08002374   0x08002374   0x0000005c   Code   RO          903    .text.HAL_UART_Init  stm32f1xx_hal_uart.o
    0x080023d0   0x080023d0   0x0000018c   Code   RO           87    .text.HAL_UART_MspInit  stm32f1xx_hal_msp.o
    0x0800255c   0x0800255c   0x00000090   Code   RO          937    .text.HAL_UART_Receive_DMA  stm32f1xx_hal_uart.o
    0x080025ec   0x080025ec   0x00000002   Code   RO          989    .text.HAL_UART_RxCpltCallback  stm32f1xx_hal_uart.o
    0x080025ee   0x080025ee   0x00000002   Code   RO          991    .text.HAL_UART_RxHalfCpltCallback  stm32f1xx_hal_uart.o
    0x080025f0   0x080025f0   0x000000ae   Code   RO          919    .text.HAL_UART_Transmit  stm32f1xx_hal_uart.o
    0x0800269e   0x0800269e   0x00000002   Code   RO          985    .text.HAL_UART_TxCpltCallback  stm32f1xx_hal_uart.o
    0x080026a0   0x080026a0   0x00000002   Code   RO           41    .text.HardFault_Handler  stm32f1xx_it.o
    0x080026a2   0x080026a2   0x00000002   PAD
    0x080026a4   0x080026a4   0x00000080   Code   RO         1054    .text.ICM20602_Init  icm20602.o
    0x08002724   0x08002724   0x0000005c   Code   RO         1064    .text.ICM_Get_Raw_data  icm20602.o
    0x08002780   0x08002780   0x00000040   Code   RO         1050    .text.ICM_Read_Byte  icm20602.o
    0x080027c0   0x080027c0   0x0000003c   Code   RO         1052    .text.ICM_Read_Len  icm20602.o
    0x080027fc   0x080027fc   0x0000000a   Code   RO         1058    .text.ICM_Set_Accel_Fsr  icm20602.o
    0x08002806   0x08002806   0x0000000a   Code   RO         1056    .text.ICM_Set_Gyro_Fsr  icm20602.o
    0x08002810   0x08002810   0x0000002e   Code   RO         1062    .text.ICM_Set_LPF   icm20602.o
    0x0800283e   0x0800283e   0x0000002e   Code   RO         1060    .text.ICM_Set_Rate  icm20602.o
    0x0800286c   0x0800286c   0x0000003c   Code   RO         1048    .text.ICM_Write_Byte  icm20602.o
    0x080028a8   0x080028a8   0x00000002   Code   RO           43    .text.MemManage_Handler  stm32f1xx_it.o
    0x080028aa   0x080028aa   0x00000002   Code   RO           39    .text.NMI_Handler   stm32f1xx_it.o
    0x080028ac   0x080028ac   0x00000002   Code   RO           53    .text.PendSV_Handler  stm32f1xx_it.o
    0x080028ae   0x080028ae   0x00000002   PAD
    0x080028b0   0x080028b0   0x00000034   Code   RO         1068    .text.Q_rsqrt       icm20602.o
    0x080028e4   0x080028e4   0x00000022   Code   RO          125    .text.SPI_EndRxTxTransaction  stm32f1xx_hal_spi.o
    0x08002906   0x08002906   0x00000080   Code   RO          223    .text.SPI_WaitFlagStateUntilTimeout  stm32f1xx_hal_spi.o
    0x08002986   0x08002986   0x00000002   Code   RO           49    .text.SVC_Handler   stm32f1xx_it.o
    0x08002988   0x08002988   0x00000004   Code   RO           55    .text.SysTick_Handler  stm32f1xx_it.o
    0x0800298c   0x0800298c   0x0000004a   Code   RO           17    .text.SystemClock_Config  main.o
    0x080029d6   0x080029d6   0x00000002   PAD
    0x080029d8   0x080029d8   0x0000004c   Code   RO         1016    .text.SystemInit    system_stm32f1xx.o
    0x08002a24   0x08002a24   0x0000000c   Code   RO           63    .text.TIM3_IRQHandler  stm32f1xx_it.o
    0x08002a30   0x08002a30   0x0000005c   Code   RO          589    .text.TIM_Base_SetConfig  stm32f1xx_hal_tim.o
    0x08002a8c   0x08002a8c   0x00000022   Code   RO          771    .text.TIM_TI1_ConfigInputStage  stm32f1xx_hal_tim.o
    0x08002aae   0x08002aae   0x00000022   Code   RO          773    .text.TIM_TI2_ConfigInputStage  stm32f1xx_hal_tim.o
    0x08002ad0   0x08002ad0   0x0000000c   Code   RO          981    .text.UART_DMAAbortOnError  stm32f1xx_hal_uart.o
    0x08002adc   0x08002adc   0x00000054   Code   RO          935    .text.UART_DMAError  stm32f1xx_hal_uart.o
    0x08002b30   0x08002b30   0x00000036   Code   RO          939    .text.UART_DMAReceiveCplt  stm32f1xx_hal_uart.o
    0x08002b66   0x08002b66   0x00000006   Code   RO          941    .text.UART_DMARxHalfCplt  stm32f1xx_hal_uart.o
    0x08002b6c   0x08002b6c   0x0000001a   Code   RO          949    .text.UART_EndRxTransfer  stm32f1xx_hal_uart.o
    0x08002b86   0x08002b86   0x00000002   PAD
    0x08002b88   0x08002b88   0x000000a0   Code   RO         1036    .text.UART_IDLECallback  uartbuf.o
    0x08002c28   0x08002c28   0x00000078   Code   RO          979    .text.UART_Receive_IT  stm32f1xx_hal_uart.o
    0x08002ca0   0x08002ca0   0x00000084   Code   RO          907    .text.UART_SetConfig  stm32f1xx_hal_uart.o
    0x08002d24   0x08002d24   0x00000058   Code   RO          921    .text.UART_WaitOnFlagUntilTimeout  stm32f1xx_hal_uart.o
    0x08002d7c   0x08002d7c   0x00000028   Code   RO           65    .text.USART1_IRQHandler  stm32f1xx_it.o
    0x08002da4   0x08002da4   0x00000008   Code   RO           67    .text.USART3_IRQHandler  stm32f1xx_it.o
    0x08002dac   0x08002dac   0x00000002   Code   RO           47    .text.UsageFault_Handler  stm32f1xx_it.o
    0x08002dae   0x08002dae   0x00000002   PAD
    0x08002db0   0x08002db0   0x00000024   Code   RO          411    .text.__NVIC_SetPriority  stm32f1xx_hal_cortex.o
    0x08002dd4   0x08002dd4   0x0000001c   Code   RO           11    .text.fputc         main.o
    0x08002df0   0x08002df0   0x0000023c   Code   RO           15    .text.main          main.o
    0x0800302c   0x0800302c   0x0000002c   Code   RO         1032    .text.write_buf     uartbuf.o
    0x08003058   0x08003058   0x00000020   Code   RO         1344    i.__0printf         mc_w.l(printfa.o)
    0x08003078   0x08003078   0x00000028   Code   RO         1402    i.__ARM_fpclassify  m_ws.l(fpclassify.o)
    0x080030a0   0x080030a0   0x00000026   Code   RO         1404    i.__ARM_fpclassifyf  m_ws.l(fpclassifyf.o)
    0x080030c6   0x080030c6   0x000000aa   Code   RO         1420    i.__kernel_poly     m_ws.l(poly.o)
    0x08003170   0x08003170   0x00000006   Code   RO         1389    i.__mathlib_dbl_infnan  m_ws.l(dunder.o)
    0x08003176   0x08003176   0x0000000c   Code   RO         1391    i.__mathlib_dbl_invalid  m_ws.l(dunder.o)
    0x08003182   0x08003182   0x00000002   PAD
    0x08003184   0x08003184   0x00000010   Code   RO         1394    i.__mathlib_dbl_underflow  m_ws.l(dunder.o)
    0x08003194   0x08003194   0x00000004   Code   RO         1408    i.__mathlib_flt_infnan2  m_ws.l(funder.o)
    0x08003198   0x08003198   0x0000000a   Code   RO         1412    i.__mathlib_flt_underflow  m_ws.l(funder.o)
    0x080031a2   0x080031a2   0x0000000e   Code   RO         1487    i.__scatterload_copy  mc_w.l(handlers.o)
    0x080031b0   0x080031b0   0x00000002   Code   RO         1488    i.__scatterload_null  mc_w.l(handlers.o)
    0x080031b2   0x080031b2   0x0000000e   Code   RO         1489    i.__scatterload_zeroinit  mc_w.l(handlers.o)
    0x080031c0   0x080031c0   0x0000000c   Code   RO         1451    i.__set_errno       mc_w.l(errno.o)
    0x080031cc   0x080031cc   0x00000184   Code   RO         1351    i._fp_digits        mc_w.l(printfa.o)
    0x08003350   0x08003350   0x000006dc   Code   RO         1352    i._printf_core      mc_w.l(printfa.o)
    0x08003a2c   0x08003a2c   0x00000024   Code   RO         1353    i._printf_post_padding  mc_w.l(printfa.o)
    0x08003a50   0x08003a50   0x0000002e   Code   RO         1354    i._printf_pre_padding  mc_w.l(printfa.o)
    0x08003a7e   0x08003a7e   0x00000002   PAD
    0x08003a80   0x08003a80   0x00000270   Code   RO         1085    i.asin              m_ws.l(asin.o)
    0x08003cf0   0x08003cf0   0x0000028c   Code   RO         1095    i.atan2f            m_ws.l(atan2f.o)
    0x08003f7c   0x08003f7c   0x00000024   Code   RO         1105    i.puts              mc_w.l(puts.o)
    0x08003fa0   0x08003fa0   0x0000004c   Code   RO         1423    i.sqrt              m_ws.l(sqrt.o)
    0x08003fec   0x08003fec   0x00000004   PAD
    0x08003ff0   0x08003ff0   0x00000050   Data   RO         1086    .constdata          m_ws.l(asin.o)
    0x08004040   0x08004040   0x00000010   Data   RO         1021    .rodata.AHBPrescTable  system_stm32f1xx.o
    0x08004050   0x08004050   0x00000008   Data   RO         1022    .rodata.APBPrescTable  system_stm32f1xx.o
    0x08004058   0x08004058   0x00000020   Data   RO         1486    Region$$Table       anon$$obj.o


    Execution Region RW_IRAM1 (Exec base: 0x20000000, Load base: 0x08004078, Size: 0x00000bc8, Max: 0x00005000, ABSOLUTE)

    Exec Addr    Load Addr    Size         Type   Attr      Idx    E Section Name        Object

    0x20000000   0x08004078   0x00000004   Data   RW         1444    .data               mc_w.l(stdout.o)
    0x20000004   0x0800407c   0x00000004   Data   RW         1452    .data               mc_w.l(errno.o)
    0x20000008   0x08004080   0x00000008   Data   RW          285    .data..L_MergedGlobals  stm32f1xx_hal.o
    0x20000010   0x08004088   0x00000004   Data   RW         1074    .data.GetAngle.NumQ.0  icm20602.o
    0x20000014   0x0800408c   0x00000004   Data   RW         1020    .data.SystemCoreClock  system_stm32f1xx.o
    0x20000018        -       0x00000058   Zero   RW           29    .bss..L_MergedGlobals  main.o
    0x20000070        -       0x00000018   Zero   RW         1075    .bss..L_MergedGlobals  icm20602.o
    0x20000088        -       0x00000044   Zero   RW           25    .bss.hdma_usart1_rx  main.o
    0x200000cc        -       0x00000044   Zero   RW           26    .bss.hdma_usart3_rx  main.o
    0x20000110        -       0x00000044   Zero   RW           27    .bss.hdma_usart3_tx  main.o
    0x20000154        -       0x00000058   Zero   RW           23    .bss.hspi1          main.o
    0x200001ac        -       0x00000040   Zero   RW           21    .bss.htim3          main.o
    0x200001ec        -       0x00000040   Zero   RW           24    .bss.huart3         main.o
    0x2000022c        -       0x000000c8   Zero   RW           22    .bss.rx_buff        main.o
    0x200002f4        -       0x000000ce   Zero   RW         1038    .bss.uartbuf1       uartbuf.o
    0x200003c2   0x08004090   0x00000002   PAD
    0x200003c4        -       0x00000004   Zero   RW          284    .bss.uwTick         stm32f1xx_hal.o
    0x200003c8        -       0x00000800   Zero   RW            1    STACK               startup_stm32f103xb.o


==============================================================================

Image component sizes


      Code (inc. data)   RO Data    RW Data    ZI Data      Debug   Object Name

      1784         76          0          4         24       5253   icm20602.o
       748         80          0          0        708       9935   main.o
        36          8        236          0       2048        756   startup_stm32f103xb.o
       152          8          0          8          4       5728   stm32f1xx_hal.o
       196         28          0          0          0       7820   stm32f1xx_hal_cortex.o
       762         32          0          0          0       6517   stm32f1xx_hal_dma.o
       422         52          0          0          0       4216   stm32f1xx_hal_gpio.o
       636         52          0          0          0       8574   stm32f1xx_hal_msp.o
      1256         68          0          0          0       6871   stm32f1xx_hal_rcc.o
      1106          0          0          0          0      18747   stm32f1xx_hal_spi.o
       886         12          0          0          0      35161   stm32f1xx_hal_tim.o
        70          0          0          0          0      13404   stm32f1xx_hal_tim_ex.o
      1396         20          0          0          0      15614   stm32f1xx_hal_uart.o
       116         28          0          0          0       1559   stm32f1xx_it.o
        76         16         24          4          0       2061   system_stm32f1xx.o
       204         32          0          0        206       4035   uartbuf.o

    ----------------------------------------------------------------------
      9868        512        292         16       2992     146251   Object Totals
         0          0         32          0          0          0   (incl. Generated)
        22          0          0          0          2          0   (incl. Padding)

    ----------------------------------------------------------------------

      Code (inc. data)   RO Data    RW Data    ZI Data      Debug   Library Member Name

       624         52         80          0          0        168   asin.o
       652         76          0          0          0        116   atan2f.o
        34          6          0          0          0        204   dunder.o
        40          0          0          0          0         68   fpclassify.o
        38          0          0          0          0         68   fpclassifyf.o
        14          0          0          0          0        136   funder.o
       170          0          0          0          0         96   poly.o
        76          0          0          0          0         84   sqrt.o
         0          0          0          0          0          0   entry.o
         0          0          0          0          0          0   entry10a.o
         0          0          0          0          0          0   entry11a.o
         8          4          0          0          0          0   entry2.o
         4          0          0          0          0          0   entry5.o
         0          0          0          0          0          0   entry7b.o
         0          0          0          0          0          0   entry8b.o
         8          4          0          0          0          0   entry9a.o
        12          6          0          4          0         68   errno.o
        30          0          0          0          0          0   handlers.o
        36          8          0          0          0         68   init.o
         0          0          0          0          0          0   iusefp.o
        30          0          0          0          0         68   llshl.o
        36          0          0          0          0         68   llsshr.o
        32          0          0          0          0         68   llushr.o
      2258         90          0          0          0        452   printfa.o
        36          6          0          0          0         80   puts.o
         0          0          0          4          0          0   stdout.o
        44          0          0          0          0         80   uidiv.o
        98          0          0          0          0         92   uldiv.o
        48          0          0          0          0         68   cdrcmple.o
        56          0          0          0          0         88   d2f.o
       334          0          0          0          0        148   dadd.o
       222          0          0          0          0        100   ddiv.o
       186          0          0          0          0        176   depilogue.o
        48          0          0          0          0         68   dfixul.o
       228          0          0          0          0         96   dmul.o
        46          0          0          0          0         80   dscalb.o
       162          0          0          0          0        100   dsqrt.o
        38          0          0          0          0         68   f2d.o
       176          0          0          0          0        140   fadd.o
        28          0          0          0          0         68   fcmpge.o
        28          0          0          0          0         68   fcmpgt.o
       124          0          0          0          0         88   fdiv.o
       110          0          0          0          0        168   fepilogue.o
        18          0          0          0          0         68   fflti.o
       100          0          0          0          0         76   fmul.o
        24          0          0          0          0         68   fscalb.o

    ----------------------------------------------------------------------
      6264        252         80          8          0       3720   Library Totals
         8          0          0          0          0          0   (incl. Padding)

    ----------------------------------------------------------------------

      Code (inc. data)   RO Data    RW Data    ZI Data      Debug   Library Name

      1648        134         80          0          0        940   m_ws.l
      2632        118          0          8          0       1044   mc_w.l
      1976          0          0          0          0       1736   mf_w.l

    ----------------------------------------------------------------------
      6264        252         80          8          0       3720   Library Totals

    ----------------------------------------------------------------------

==============================================================================


      Code (inc. data)   RO Data    RW Data    ZI Data      Debug   

     16132        764        372         24       2992     147871   Grand Totals
     16132        764        372         24       2992     147871   ELF Image Totals
     16132        764        372         24          0          0   ROM Totals

==============================================================================

    Total RO  Size (Code + RO Data)                16504 (  16.12kB)
    Total RW  Size (RW Data + ZI Data)              3016 (   2.95kB)
    Total ROM Size (Code + RO Data + RW Data)      16528 (  16.14kB)

==============================================================================

